Component: ARM Compiler 5.05 update 1 (build 106) Tool: armlink [4d0efa]

==============================================================================

Section Cross References

    startup_stm32f405xx.o(RESET) refers to startup_stm32f405xx.o(STACK) for __initial_sp
    startup_stm32f405xx.o(RESET) refers to startup_stm32f405xx.o(.text) for Reset_Handler
    startup_stm32f405xx.o(RESET) refers to stm32f4xx_it.o(i.NMI_Handler) for NMI_Handler
    startup_stm32f405xx.o(RESET) refers to stm32f4xx_it.o(i.HardFault_Handler) for HardFault_Handler
    startup_stm32f405xx.o(RESET) refers to stm32f4xx_it.o(i.MemManage_Handler) for MemManage_Handler
    startup_stm32f405xx.o(RESET) refers to stm32f4xx_it.o(i.BusFault_Handler) for BusFault_Handler
    startup_stm32f405xx.o(RESET) refers to stm32f4xx_it.o(i.UsageFault_Handler) for UsageFault_Handler
    startup_stm32f405xx.o(RESET) refers to port.o(.emb_text) for SVC_Handler
    startup_stm32f405xx.o(RESET) refers to stm32f4xx_it.o(i.DebugMon_Handler) for DebugMon_Handler
    startup_stm32f405xx.o(RESET) refers to cmsis_os2.o(i.SysTick_Handler) for SysTick_Handler
    startup_stm32f405xx.o(RESET) refers to stm32f4xx_it.o(i.DMA1_Stream0_IRQHandler) for DMA1_Stream0_IRQHandler
    startup_stm32f405xx.o(RESET) refers to stm32f4xx_it.o(i.DMA1_Stream2_IRQHandler) for DMA1_Stream2_IRQHandler
    startup_stm32f405xx.o(RESET) refers to stm32f4xx_it.o(i.DMA1_Stream5_IRQHandler) for DMA1_Stream5_IRQHandler
    startup_stm32f405xx.o(RESET) refers to stm32f4xx_it.o(i.DMA1_Stream6_IRQHandler) for DMA1_Stream6_IRQHandler
    startup_stm32f405xx.o(RESET) refers to stm32f4xx_it.o(i.TIM4_IRQHandler) for TIM4_IRQHandler
    startup_stm32f405xx.o(RESET) refers to stm32f4xx_it.o(i.I2C1_EV_IRQHandler) for I2C1_EV_IRQHandler
    startup_stm32f405xx.o(RESET) refers to stm32f4xx_it.o(i.I2C1_ER_IRQHandler) for I2C1_ER_IRQHandler
    startup_stm32f405xx.o(RESET) refers to stm32f4xx_it.o(i.SPI1_IRQHandler) for SPI1_IRQHandler
    startup_stm32f405xx.o(RESET) refers to stm32f4xx_it.o(i.USART1_IRQHandler) for USART1_IRQHandler
    startup_stm32f405xx.o(RESET) refers to stm32f4xx_it.o(i.TIM8_TRG_COM_TIM14_IRQHandler) for TIM8_TRG_COM_TIM14_IRQHandler
    startup_stm32f405xx.o(RESET) refers to stm32f4xx_it.o(i.SPI3_IRQHandler) for SPI3_IRQHandler
    startup_stm32f405xx.o(RESET) refers to stm32f4xx_it.o(i.DMA2_Stream2_IRQHandler) for DMA2_Stream2_IRQHandler
    startup_stm32f405xx.o(RESET) refers to stm32f4xx_it.o(i.DMA2_Stream3_IRQHandler) for DMA2_Stream3_IRQHandler
    startup_stm32f405xx.o(RESET) refers to stm32f4xx_it.o(i.DMA2_Stream7_IRQHandler) for DMA2_Stream7_IRQHandler
    startup_stm32f405xx.o(RESET) refers to stm32f4xx_it.o(i.OTG_HS_EP1_OUT_IRQHandler) for OTG_HS_EP1_OUT_IRQHandler
    startup_stm32f405xx.o(RESET) refers to stm32f4xx_it.o(i.OTG_HS_EP1_IN_IRQHandler) for OTG_HS_EP1_IN_IRQHandler
    startup_stm32f405xx.o(RESET) refers to stm32f4xx_it.o(i.OTG_HS_IRQHandler) for OTG_HS_IRQHandler
    startup_stm32f405xx.o(.text) refers to system_stm32f4xx.o(i.SystemInit) for SystemInit
    startup_stm32f405xx.o(.text) refers to entry.o(.ARM.Collect$$$$00000000) for __main
    main.o(i.HAL_TIM_PeriodElapsedCallback) refers to stm32f4xx_hal.o(i.HAL_IncTick) for HAL_IncTick
    main.o(i.SystemClock_Config) refers to memseta.o(.text) for __aeabi_memclr4
    main.o(i.SystemClock_Config) refers to stm32f4xx_hal_rcc.o(i.HAL_RCC_OscConfig) for HAL_RCC_OscConfig
    main.o(i.SystemClock_Config) refers to stm32f4xx_hal_rcc.o(i.HAL_RCC_ClockConfig) for HAL_RCC_ClockConfig
    main.o(i.SystemClock_Config) refers to stm32f4xx_hal_rcc_ex.o(i.HAL_RCCEx_PeriphCLKConfig) for HAL_RCCEx_PeriphCLKConfig
    main.o(i.main) refers to stm32f4xx_hal.o(i.HAL_Init) for HAL_Init
    main.o(i.main) refers to stm32f4xx_hal_rcc_ex.o(i.HAL_RCC_DeInit) for HAL_RCC_DeInit
    main.o(i.main) refers to main.o(i.SystemClock_Config) for SystemClock_Config
    main.o(i.main) refers to stm32f4xx_hal.o(i.HAL_Delay) for HAL_Delay
    main.o(i.main) refers to gpio.o(i.MX_GPIO_Init) for MX_GPIO_Init
    main.o(i.main) refers to dma.o(i.MX_DMA_Init) for MX_DMA_Init
    main.o(i.main) refers to adc.o(i.MX_ADC1_Init) for MX_ADC1_Init
    main.o(i.main) refers to spi.o(i.MX_SPI1_Init) for MX_SPI1_Init
    main.o(i.main) refers to usart.o(i.MX_USART1_UART_Init) for MX_USART1_UART_Init
    main.o(i.main) refers to i2c.o(i.MX_I2C1_Init) for MX_I2C1_Init
    main.o(i.main) refers to i2s.o(i.MX_I2S3_Init) for MX_I2S3_Init
    main.o(i.main) refers to i2c.o(i.MX_I2C3_Init) for MX_I2C3_Init
    main.o(i.main) refers to tim.o(i.MX_TIM5_Init) for MX_TIM5_Init
    main.o(i.main) refers to tim.o(i.MX_TIM4_Init) for MX_TIM4_Init
    main.o(i.main) refers to stm32f4xx_hal_tim.o(i.HAL_TIM_Base_Start) for HAL_TIM_Base_Start
    main.o(i.main) refers to stm32f4xx_hal_tim.o(i.HAL_TIM_Base_Start_IT) for HAL_TIM_Base_Start_IT
    main.o(i.main) refers to cmsis_os2.o(i.osKernelInitialize) for osKernelInitialize
[...]
    __aeabi_memcpy8                          0x080002e7   Thumb Code     0  memcpya.o(.text)
    __aeabi_memset                           0x0800030b   Thumb Code    14  memseta.o(.text)
    __aeabi_memset4                          0x0800030b   Thumb Code     0  memseta.o(.text)
    __aeabi_memset8                          0x0800030b   Thumb Code     0  memseta.o(.text)
    __aeabi_memclr                           0x08000319   Thumb Code     4  memseta.o(.text)
    __aeabi_memclr4                          0x08000319   Thumb Code     0  memseta.o(.text)
    __aeabi_memclr8                          0x08000319   Thumb Code     0  memseta.o(.text)
    memset                                   0x0800031d   Thumb Code    18  memseta.o(.text)
    __cpp_initialize__aeabi_                 0x08000331   Thumb Code    22  cpp_init.o(.text)
    __aeabi_llsl                             0x08000351   Thumb Code    30  llshl.o(.text)
    _ll_shift_l                              0x08000351   Thumb Code     0  llshl.o(.text)
    __aeabi_llsr                             0x0800036f   Thumb Code    32  llushr.o(.text)
    _ll_ushift_r                             0x0800036f   Thumb Code     0  llushr.o(.text)
    __I$use$fp                               0x0800038f   Thumb Code     0  iusefp.o(.text)
    __scatterload                            0x08000391   Thumb Code    28  init.o(.text)
    __scatterload_rt2                        0x08000391   Thumb Code     0  init.o(.text)
    __decompress                             0x080003b5   Thumb Code     0  __dczerorl2.o(.text)
    __decompress1                            0x080003b5   Thumb Code    86  __dczerorl2.o(.text)
    BusFault_Handler                         0x08000535   Thumb Code     2  stm32f4xx_it.o(i.BusFault_Handler)
    DMA1_Stream0_IRQHandler                  0x08000539   Thumb Code     6  stm32f4xx_it.o(i.DMA1_Stream0_IRQHandler)
    DMA1_Stream2_IRQHandler                  0x08000545   Thumb Code     6  stm32f4xx_it.o(i.DMA1_Stream2_IRQHandler)
    DMA1_Stream5_IRQHandler                  0x08000551   Thumb Code     6  stm32f4xx_it.o(i.DMA1_Stream5_IRQHandler)
    DMA1_Stream6_IRQHandler                  0x0800055d   Thumb Code     6  stm32f4xx_it.o(i.DMA1_Stream6_IRQHandler)
    DMA2_Stream2_IRQHandler                  0x08000569   Thumb Code     6  stm32f4xx_it.o(i.DMA2_Stream2_IRQHandler)
    DMA2_Stream3_IRQHandler                  0x08000575   Thumb Code     6  stm32f4xx_it.o(i.DMA2_Stream3_IRQHandler)
    DMA2_Stream7_IRQHandler                  0x08000581   Thumb Code     6  stm32f4xx_it.o(i.DMA2_Stream7_IRQHandler)
    DebugMon_Handler                         0x08000631   Thumb Code     2  stm32f4xx_it.o(i.DebugMon_Handler)
    Error_Handler                            0x08000633   Thumb Code     4  main.o(i.Error_Handler)
    HAL_ADC_ConfigChannel                    0x08000639   Thumb Code   316  stm32f4xx_hal_adc.o(i.HAL_ADC_ConfigChannel)
    HAL_ADC_Init                             0x08000785   Thumb Code    84  stm32f4xx_hal_adc.o(i.HAL_ADC_Init)
    HAL_ADC_MspInit                          0x080007d9   Thumb Code    84  adc.o(i.HAL_ADC_MspInit)
    HAL_DMA_Abort                            0x08000839   Thumb Code   146  stm32f4xx_hal_dma.o(i.HAL_DMA_Abort)
    HAL_DMA_Abort_IT                         0x080008cb   Thumb Code    36  stm32f4xx_hal_dma.o(i.HAL_DMA_Abort_IT)
    HAL_DMA_GetState                         0x080008ef   Thumb Code     6  stm32f4xx_hal_dma.o(i.HAL_DMA_GetState)
    HAL_DMA_IRQHandler                       0x080008f5   Thumb Code   412  stm32f4xx_hal_dma.o(i.HAL_DMA_IRQHandler)
    HAL_DMA_Init                             0x08000a95   Thumb Code   206  stm32f4xx_hal_dma.o(i.HAL_DMA_Init)
    HAL_DMA_Start_IT                         0x08000b69   Thumb Code   110  stm32f4xx_hal_dma.o(i.HAL_DMA_Start_IT)
    HAL_Delay                                0x08000bd9   Thumb Code    32  stm32f4xx_hal.o(i.HAL_Delay)
    HAL_GPIO_Init                            0x08000bfd   Thumb Code   450  stm32f4xx_hal_gpio.o(i.HAL_GPIO_Init)
    HAL_GPIO_WritePin                        0x08000ded   Thumb Code    10  stm32f4xx_hal_gpio.o(i.HAL_GPIO_WritePin)
    HAL_GetTick                              0x08000df9   Thumb Code     6  stm32f4xx_hal.o(i.HAL_GetTick)
    HAL_I2C_AbortCpltCallback                0x08000e05   Thumb Code     2  stm32f4xx_hal_i2c.o(i.HAL_I2C_AbortCpltCallback)
    HAL_I2C_AddrCallback                     0x08000e07   Thumb Code     2  stm32f4xx_hal_i2c.o(i.HAL_I2C_AddrCallback)
    HAL_I2C_ER_IRQHandler                    0x08000e09   Thumb Code   186  stm32f4xx_hal_i2c.o(i.HAL_I2C_ER_IRQHandler)
    HAL_I2C_EV_IRQHandler                    0x08000ec3   Thumb Code   560  stm32f4xx_hal_i2c.o(i.HAL_I2C_EV_IRQHandler)
    HAL_I2C_ErrorCallback                    0x080010f3   Thumb Code     2  stm32f4xx_hal_i2c.o(i.HAL_I2C_ErrorCallback)
    HAL_I2C_Init                             0x080010f5   Thumb Code   376  stm32f4xx_hal_i2c.o(i.HAL_I2C_Init)
    HAL_I2C_ListenCpltCallback               0x0800127d   Thumb Code     2  stm32f4xx_hal_i2c.o(i.HAL_I2C_ListenCpltCallback)
    HAL_I2C_MasterRxCpltCallback             0x0800127f   Thumb Code     2  i2c.o(i.HAL_I2C_MasterRxCpltCallback)
    HAL_I2C_MasterTxCpltCallback             0x08001281   Thumb Code     2  i2c.o(i.HAL_I2C_MasterTxCpltCallback)
    HAL_I2C_Master_Transmit                  0x08001285   Thumb Code   290  stm32f4xx_hal_i2c.o(i.HAL_I2C_Master_Transmit)
    HAL_I2C_MemRxCpltCallback                0x080013b1   Thumb Code     2  stm32f4xx_hal_i2c.o(i.HAL_I2C_MemRxCpltCallback)
    HAL_I2C_MemTxCpltCallback                0x080013b3   Thumb Code     2  stm32f4xx_hal_i2c.o(i.HAL_I2C_MemTxCpltCallback)
    HAL_I2C_MspInit                          0x080013b5   Thumb Code   324  i2c.o(i.HAL_I2C_MspInit)
    HAL_I2C_SlaveRxCpltCallback              0x08001519   Thumb Code     2  stm32f4xx_hal_i2c.o(i.HAL_I2C_SlaveRxCpltCallback)
    HAL_I2C_SlaveTxCpltCallback              0x0800151b   Thumb Code     2  stm32f4xx_hal_i2c.o(i.HAL_I2C_SlaveTxCpltCallback)
    HAL_I2SEx_FullDuplex_IRQHandler          0x0800151d   Thumb Code   492  stm32f4xx_hal_i2s_ex.o(i.HAL_I2SEx_FullDuplex_IRQHandler)
    HAL_I2SEx_TxRxCpltCallback               0x08001711   Thumb Code    10  i2s.o(i.HAL_I2SEx_TxRxCpltCallback)
    HAL_I2S_ErrorCallback                    0x0800171b   Thumb Code     2  stm32f4xx_hal_i2s.o(i.HAL_I2S_ErrorCallback)
    HAL_I2S_IRQHandler                       0x0800171d   Thumb Code     4  stm32f4xx_hal_i2s.o(i.HAL_I2S_IRQHandler)
    HAL_I2S_Init                             0x08001721   Thumb Code   354  stm32f4xx_hal_i2s.o(i.HAL_I2S_Init)
    HAL_I2S_MspInit                          0x08001895   Thumb Code   272  i2s.o(i.HAL_I2S_MspInit)
    HAL_I2S_RxCpltCallback                   0x080019bd   Thumb Code     4  i2s.o(i.HAL_I2S_RxCpltCallback)
    HAL_I2S_Transmit                         0x080019c1   Thumb Code   244  stm32f4xx_hal_i2s.o(i.HAL_I2S_Transmit)
    HAL_I2S_Transmit_DMA                     0x08001ab5   Thumb Code   180  stm32f4xx_hal_i2s.o(i.HAL_I2S_Transmit_DMA)
    HAL_I2S_TxCpltCallback                   0x08001b75   Thumb Code     4  i2s.o(i.HAL_I2S_TxCpltCallback)
    HAL_I2S_TxHalfCpltCallback               0x08001b79   Thumb Code     2  stm32f4xx_hal_i2s.o(i.HAL_I2S_TxHalfCpltCallback)
    HAL_IncTick                              0x08001b7d   Thumb Code    12  stm32f4xx_hal.o(i.HAL_IncTick)
    HAL_Init                                 0x08001b8d   Thumb Code    48  stm32f4xx_hal.o(i.HAL_Init)
    HAL_InitTick                             0x08001bc1   Thumb Code   100  stm32f4xx_hal_timebase_tim.o(i.HAL_InitTick)
    HAL_MspInit                              0x08001c35   Thumb Code    52  stm32f4xx_hal_msp.o(i.HAL_MspInit)
    HAL_NVIC_EnableIRQ                       0x08001c6d   Thumb Code    26  stm32f4xx_hal_cortex.o(i.HAL_NVIC_EnableIRQ)
    HAL_NVIC_SetPriority                     0x08001c89   Thumb Code    60  stm32f4xx_hal_cortex.o(i.HAL_NVIC_SetPriority)
    HAL_NVIC_SetPriorityGrouping             0x08001cc9   Thumb Code    26  stm32f4xx_hal_cortex.o(i.HAL_NVIC_SetPriorityGrouping)
    HAL_PCDEx_LPM_Callback                   0x08001ced   Thumb Code     2  stm32f4xx_hal_pcd_ex.o(i.HAL_PCDEx_LPM_Callback)
    HAL_PCDEx_SetRxFiFo                      0x08001cef   Thumb Code     8  stm32f4xx_hal_pcd_ex.o(i.HAL_PCDEx_SetRxFiFo)
    HAL_PCDEx_SetTxFiFo                      0x08001cf7   Thumb Code    68  stm32f4xx_hal_pcd_ex.o(i.HAL_PCDEx_SetTxFiFo)
    HAL_PCD_ConnectCallback                  0x08001d3b   Thumb Code     8  usbd_conf.o(i.HAL_PCD_ConnectCallback)
    HAL_PCD_DataInStageCallback              0x08001d43   Thumb Code    18  usbd_conf.o(i.HAL_PCD_DataInStageCallback)
    HAL_PCD_DataOutStageCallback             0x08001d55   Thumb Code    20  usbd_conf.o(i.HAL_PCD_DataOutStageCallback)
    HAL_PCD_DisconnectCallback               0x08001d69   Thumb Code     8  usbd_conf.o(i.HAL_PCD_DisconnectCallback)
    HAL_PCD_EP_Close                         0x08001d71   Thumb Code    76  stm32f4xx_hal_pcd.o(i.HAL_PCD_EP_Close)
    HAL_PCD_EP_ClrStall                      0x08001dbd   Thumb Code    92  stm32f4xx_hal_pcd.o(i.HAL_PCD_EP_ClrStall)
    HAL_PCD_EP_GetRxCount                    0x08001e19   Thumb Code    18  stm32f4xx_hal_pcd.o(i.HAL_PCD_EP_GetRxCount)
    HAL_PCD_EP_Open                          0x08001e2b   Thumb Code    96  stm32f4xx_hal_pcd.o(i.HAL_PCD_EP_Open)
    HAL_PCD_EP_Receive                       0x08001e8b   Thumb Code    72  stm32f4xx_hal_pcd.o(i.HAL_PCD_EP_Receive)
    HAL_PCD_EP_SetStall                      0x08001ed3   Thumb Code   116  stm32f4xx_hal_pcd.o(i.HAL_PCD_EP_SetStall)
    HAL_PCD_EP_Transmit                      0x08001f47   Thumb Code    64  stm32f4xx_hal_pcd.o(i.HAL_PCD_EP_Transmit)
    HAL_PCD_IRQHandler                       0x08001f89   Thumb Code  1070  stm32f4xx_hal_pcd.o(i.HAL_PCD_IRQHandler)
    HAL_PCD_ISOINIncompleteCallback          0x080023bd   Thumb Code     8  usbd_conf.o(i.HAL_PCD_ISOINIncompleteCallback)
    HAL_PCD_ISOOUTIncompleteCallback         0x080023c5   Thumb Code     8  usbd_conf.o(i.HAL_PCD_ISOOUTIncompleteCallback)
    HAL_PCD_Init                             0x080023cd   Thumb Code   226  stm32f4xx_hal_pcd.o(i.HAL_PCD_Init)
    HAL_PCD_MspInit                          0x080024b1   Thumb Code   226  usbd_conf.o(i.HAL_PCD_MspInit)
    HAL_PCD_ResetCallback                    0x080025a9   Thumb Code    44  usbd_conf.o(i.HAL_PCD_ResetCallback)
    HAL_PCD_ResumeCallback                   0x080025d5   Thumb Code     8  usbd_conf.o(i.HAL_PCD_ResumeCallback)
    HAL_PCD_SOFCallback                      0x080025dd   Thumb Code     8  usbd_conf.o(i.HAL_PCD_SOFCallback)
    HAL_PCD_SetAddress                       0x080025e5   Thumb Code    40  stm32f4xx_hal_pcd.o(i.HAL_PCD_SetAddress)
    HAL_PCD_SetupStageCallback               0x0800260d   Thumb Code    14  usbd_conf.o(i.HAL_PCD_SetupStageCallback)
    HAL_PCD_Start                            0x0800261b   Thumb Code    66  stm32f4xx_hal_pcd.o(i.HAL_PCD_Start)
    HAL_PCD_SuspendCallback                  0x0800265d   Thumb Code    44  usbd_conf.o(i.HAL_PCD_SuspendCallback)
    HAL_RCCEx_GetPeriphCLKFreq               0x0800268d   Thumb Code    76  stm32f4xx_hal_rcc_ex.o(i.HAL_RCCEx_GetPeriphCLKFreq)
    HAL_RCCEx_PeriphCLKConfig                0x080026e9   Thumb Code   296  stm32f4xx_hal_rcc_ex.o(i.HAL_RCCEx_PeriphCLKConfig)
    HAL_RCC_ClockConfig                      0x08002825   Thumb Code   288  stm32f4xx_hal_rcc.o(i.HAL_RCC_ClockConfig)
    HAL_RCC_DeInit                           0x08002959   Thumb Code   284  stm32f4xx_hal_rcc_ex.o(i.HAL_RCC_DeInit)
    HAL_RCC_GetClockConfig                   0x08002a8d   Thumb Code    54  stm32f4xx_hal_rcc.o(i.HAL_RCC_GetClockConfig)
    HAL_RCC_GetHCLKFreq                      0x08002acd   Thumb Code     6  stm32f4xx_hal_rcc.o(i.HAL_RCC_GetHCLKFreq)
    HAL_RCC_GetPCLK1Freq                     0x08002ad9   Thumb Code    20  stm32f4xx_hal_rcc.o(i.HAL_RCC_GetPCLK1Freq)
    HAL_RCC_GetPCLK2Freq                     0x08002af9   Thumb Code    20  stm32f4xx_hal_rcc.o(i.HAL_RCC_GetPCLK2Freq)
    HAL_RCC_GetSysClockFreq                  0x08002b19   Thumb Code    88  stm32f4xx_hal_rcc.o(i.HAL_RCC_GetSysClockFreq)
    HAL_RCC_OscConfig                        0x08002b79   Thumb Code   856  stm32f4xx_hal_rcc.o(i.HAL_RCC_OscConfig)
    HAL_SPI_ErrorCallback                    0x08002ee5   Thumb Code     2  stm32f4xx_hal_spi.o(i.HAL_SPI_ErrorCallback)
    HAL_SPI_IRQHandler                       0x08002ee9   Thumb Code   246  stm32f4xx_hal_spi.o(i.HAL_SPI_IRQHandler)
    HAL_SPI_Init                             0x08002fe5   Thumb Code   188  stm32f4xx_hal_spi.o(i.HAL_SPI_Init)
    HAL_SPI_MspInit                          0x080030a1   Thumb Code   184  spi.o(i.HAL_SPI_MspInit)
    HAL_TIMEx_BreakCallback                  0x08003171   Thumb Code     2  stm32f4xx_hal_tim_ex.o(i.HAL_TIMEx_BreakCallback)
    HAL_TIMEx_CommutCallback                 0x08003173   Thumb Code     2  stm32f4xx_hal_tim_ex.o(i.HAL_TIMEx_CommutCallback)
    HAL_TIMEx_MasterConfigSynchronization    0x08003175   Thumb Code   116  stm32f4xx_hal_tim_ex.o(i.HAL_TIMEx_MasterConfigSynchronization)
    HAL_TIM_Base_Init                        0x08003205   Thumb Code    90  stm32f4xx_hal_tim.o(i.HAL_TIM_Base_Init)
    HAL_TIM_Base_MspInit                     0x08003261   Thumb Code    72  tim.o(i.HAL_TIM_Base_MspInit)
    HAL_TIM_Base_Start                       0x080032b5   Thumb Code    90  stm32f4xx_hal_tim.o(i.HAL_TIM_Base_Start)
    HAL_TIM_Base_Start_IT                    0x0800332d   Thumb Code   100  stm32f4xx_hal_tim.o(i.HAL_TIM_Base_Start_IT)
    HAL_TIM_ConfigClockSource                0x080033ad   Thumb Code   220  stm32f4xx_hal_tim.o(i.HAL_TIM_ConfigClockSource)
    HAL_TIM_IC_CaptureCallback               0x08003489   Thumb Code     2  stm32f4xx_hal_tim.o(i.HAL_TIM_IC_CaptureCallback)
    HAL_TIM_IRQHandler                       0x0800348b   Thumb Code   358  stm32f4xx_hal_tim.o(i.HAL_TIM_IRQHandler)
    HAL_TIM_OC_DelayElapsedCallback          0x080035f1   Thumb Code     2  stm32f4xx_hal_tim.o(i.HAL_TIM_OC_DelayElapsedCallback)
    HAL_TIM_PWM_PulseFinishedCallback        0x080035f3   Thumb Code     2  stm32f4xx_hal_tim.o(i.HAL_TIM_PWM_PulseFinishedCallback)
    HAL_TIM_PeriodElapsedCallback            0x080035f5   Thumb Code    14  main.o(i.HAL_TIM_PeriodElapsedCallback)
    HAL_TIM_TriggerCallback                  0x08003609   Thumb Code     2  stm32f4xx_hal_tim.o(i.HAL_TIM_TriggerCallback)
    HAL_UARTEx_RxEventCallback               0x0800360b   Thumb Code     2  stm32f4xx_hal_uart.o(i.HAL_UARTEx_RxEventCallback)
    HAL_UART_ErrorCallback                   0x0800360d   Thumb Code     2  stm32f4xx_hal_uart.o(i.HAL_UART_ErrorCallback)
    HAL_UART_IRQHandler                      0x08003611   Thumb Code   610  stm32f4xx_hal_uart.o(i.HAL_UART_IRQHandler)
    HAL_UART_Init                            0x08003879   Thumb Code    98  stm32f4xx_hal_uart.o(i.HAL_UART_Init)
    HAL_UART_MspInit                         0x080038dd   Thumb Code   212  usart.o(i.HAL_UART_MspInit)
    HAL_UART_Receive_DMA                     0x080039c5   Thumb Code    42  stm32f4xx_hal_uart.o(i.HAL_UART_Receive_DMA)
    HAL_UART_RxCpltCallback                  0x080039ef   Thumb Code     2  stm32f4xx_hal_uart.o(i.HAL_UART_RxCpltCallback)
    HAL_UART_RxHalfCpltCallback              0x080039f1   Thumb Code     2  stm32f4xx_hal_uart.o(i.HAL_UART_RxHalfCpltCallback)
    HAL_UART_TxCpltCallback                  0x080039f3   Thumb Code     2  stm32f4xx_hal_uart.o(i.HAL_UART_TxCpltCallback)
    HardFault_Handler                        0x080039f5   Thumb Code     2  stm32f4xx_it.o(i.HardFault_Handler)
    I2C1_ER_IRQHandler                       0x080039f9   Thumb Code     6  stm32f4xx_it.o(i.I2C1_ER_IRQHandler)
    I2C1_EV_IRQHandler                       0x08003a05   Thumb Code     6  stm32f4xx_it.o(i.I2C1_EV_IRQHandler)
    MX_ADC1_Init                             0x08004879   Thumb Code    86  adc.o(i.MX_ADC1_Init)
    MX_DMA_Init                              0x080048dd   Thumb Code   152  dma.o(i.MX_DMA_Init)
    MX_FREERTOS_Init                         0x08004979   Thumb Code    18  freertos.o(i.MX_FREERTOS_Init)
    MX_GPIO_Init                             0x08004999   Thumb Code   150  gpio.o(i.MX_GPIO_Init)
    MX_I2C1_Init                             0x08004a3d   Thumb Code    50  i2c.o(i.MX_I2C1_Init)
    MX_I2C3_Init                             0x08004a7d   Thumb Code    50  i2c.o(i.MX_I2C3_Init)
    MX_I2S3_Init                             0x08004abd   Thumb Code    52  i2s.o(i.MX_I2S3_Init)
    MX_SPI1_Init                             0x08004af9   Thumb Code    60  spi.o(i.MX_SPI1_Init)
    MX_TIM4_Init                             0x08004b3d   Thumb Code    94  tim.o(i.MX_TIM4_Init)
    MX_TIM5_Init                             0x08004ba5   Thumb Code    92  tim.o(i.MX_TIM5_Init)
    MX_USART1_UART_Init                      0x08004c09   Thumb Code    56  usart.o(i.MX_USART1_UART_Init)
    MX_USB_DEVICE_Init                       0x08004c49   Thumb Code    66  usb_device.o(i.MX_USB_DEVICE_Init)
    MemManage_Handler                        0x08004c9d   Thumb Code     2  stm32f4xx_it.o(i.MemManage_Handler)
    NMI_Handler                              0x08004c9f   Thumb Code     2  stm32f4xx_it.o(i.NMI_Handler)
    OTG_HS_EP1_IN_IRQHandler                 0x08004ca1   Thumb Code     6  stm32f4xx_it.o(i.OTG_HS_EP1_IN_IRQHandler)
    OTG_HS_EP1_OUT_IRQHandler                0x08004cad   Thumb Code     6  stm32f4xx_it.o(i.OTG_HS_EP1_OUT_IRQHandler)
    OTG_HS_IRQHandler                        0x08004cb9   Thumb Code     6  stm32f4xx_it.o(i.OTG_HS_IRQHandler)
    SPI1_IRQHandler                          0x08004e35   Thumb Code     6  stm32f4xx_it.o(i.SPI1_IRQHandler)
    SPI3_IRQHandler                          0x08004e41   Thumb Code     6  stm32f4xx_it.o(i.SPI3_IRQHandler)
    StartAudioTask                           0x08004e67   Thumb Code     4  freertos.o(i.StartAudioTask)
    StartDefaultTask                         0x08004e6d   Thumb Code    30  freertos.o(i.StartDefaultTask)
    SysTick_Handler                          0x08004e99   Thumb Code    26  cmsis_os2.o(i.SysTick_Handler)
    SystemClock_Config                       0x08004eb5   Thumb Code   168  main.o(i.SystemClock_Config)
    SystemInit                               0x08004f65   Thumb Code    12  system_stm32f4xx.o(i.SystemInit)
    TIM4_IRQHandler                          0x08004f75   Thumb Code     6  stm32f4xx_it.o(i.TIM4_IRQHandler)
    TIM8_TRG_COM_TIM14_IRQHandler            0x08004f81   Thumb Code     6  stm32f4xx_it.o(i.TIM8_TRG_COM_TIM14_IRQHandler)
    TIM_Base_SetConfig                       0x08004f8d   Thumb Code   156  stm32f4xx_hal_tim.o(i.TIM_Base_SetConfig)
    TIM_ETR_SetConfig                        0x08005055   Thumb Code    20  stm32f4xx_hal_tim.o(i.TIM_ETR_SetConfig)
    TaskAudioEntry                           0x080050c1   Thumb Code   228  user_task.o(i.TaskAudioEntry)
    UART_Start_Receive_DMA                   0x080054dd   Thumb Code   130  stm32f4xx_hal_uart.o(i.UART_Start_Receive_DMA)
    USART1_IRQHandler                        0x0800556d   Thumb Code     6  stm32f4xx_it.o(i.USART1_IRQHandler)
    USBD_CDC_GetDeviceQualifierDescriptor    0x0800567d   Thumb Code     8  usbd_cdc.o(i.USBD_CDC_GetDeviceQualifierDescriptor)
    USBD_CDC_ReceivePacket                   0x0800574f   Thumb Code    40  usbd_cdc.o(i.USBD_CDC_ReceivePacket)
    USBD_CDC_RegisterInterface               0x08005777   Thumb Code    14  usbd_cdc.o(i.USBD_CDC_RegisterInterface)
    USBD_CDC_SetRxBuffer                     0x08005785   Thumb Code    18  usbd_cdc.o(i.USBD_CDC_SetRxBuffer)
    USBD_CDC_SetTxBuffer                     0x08005797   Thumb Code    22  usbd_cdc.o(i.USBD_CDC_SetTxBuffer)
    USBD_ClrClassConfig                      0x0800586b   Thumb Code    16  usbd_core.o(i.USBD_ClrClassConfig)
    USBD_CtlContinueRx                       0x0800587b   Thumb Code    16  usbd_ioreq.o(i.USBD_CtlContinueRx)
    USBD_CtlContinueSendData                 0x0800588b   Thumb Code    16  usbd_ioreq.o(i.USBD_CtlContinueSendData)
    USBD_CtlError                            0x0800589b   Thumb Code    22  usbd_ctlreq.o(i.USBD_CtlError)
    USBD_CtlPrepareRx                        0x080058b1   Thumb Code    30  usbd_ioreq.o(i.USBD_CtlPrepareRx)
    USBD_CtlReceiveStatus                    0x080058cf   Thumb Code    22  usbd_ioreq.o(i.USBD_CtlReceiveStatus)
    USBD_CtlSendData                         0x080058e5   Thumb Code    26  usbd_ioreq.o(i.USBD_CtlSendData)
    USBD_CtlSendStatus                       0x080058ff   Thumb Code    22  usbd_ioreq.o(i.USBD_CtlSendStatus)
    USBD_GetString                           0x080059fb   Thumb Code    72  usbd_ctlreq.o(i.USBD_GetString)
    USBD_Get_USB_Status                      0x08005a43   Thumb Code    24  usbd_conf.o(i.USBD_Get_USB_Status)
    USBD_HS_ConfigStrDescriptor              0x08005a5d   Thumb Code    16  usbd_desc.o(i.USBD_HS_ConfigStrDescriptor)
    USBD_HS_DeviceDescriptor                 0x08005a7d   Thumb Code     8  usbd_desc.o(i.USBD_HS_DeviceDescriptor)
    USBD_HS_InterfaceStrDescriptor           0x08005a89   Thumb Code    16  usbd_desc.o(i.USBD_HS_InterfaceStrDescriptor)
    USBD_HS_LangIDStrDescriptor              0x08005aad   Thumb Code     8  usbd_desc.o(i.USBD_HS_LangIDStrDescriptor)
    USBD_HS_ManufacturerStrDescriptor        0x08005ab9   Thumb Code    16  usbd_desc.o(i.USBD_HS_ManufacturerStrDescriptor)
    USBD_HS_ProductStrDescriptor             0x08005ae1   Thumb Code    16  usbd_desc.o(i.USBD_HS_ProductStrDescriptor)
    USBD_HS_SerialStrDescriptor              0x08005b0d   Thumb Code    48  usbd_desc.o(i.USBD_HS_SerialStrDescriptor)
    USBD_Init                                0x08005b45   Thumb Code    38  usbd_core.o(i.USBD_Init)
    USBD_LL_ClearStallEP                     0x08005b6b   Thumb Code    18  usbd_conf.o(i.USBD_LL_ClearStallEP)
    USBD_LL_CloseEP                          0x08005b7d   Thumb Code    18  usbd_conf.o(i.USBD_LL_CloseEP)
    USBD_LL_DataInStage                      0x08005b8f   Thumb Code   168  usbd_core.o(i.USBD_LL_DataInStage)
    USBD_LL_DataOutStage                     0x08005c37   Thumb Code   108  usbd_core.o(i.USBD_LL_DataOutStage)
    USBD_LL_DevConnected                     0x08005ca3   Thumb Code     4  usbd_core.o(i.USBD_LL_DevConnected)
    USBD_LL_DevDisconnected                  0x08005ca7   Thumb Code    24  usbd_core.o(i.USBD_LL_DevDisconnected)
    USBD_LL_GetRxDataSize                    0x08005cbf   Thumb Code     8  usbd_conf.o(i.USBD_LL_GetRxDataSize)
    USBD_LL_Init                             0x08005cc9   Thumb Code    96  usbd_conf.o(i.USBD_LL_Init)
    USBD_LL_IsStallEP                        0x08005d31   Thumb Code    32  usbd_conf.o(i.USBD_LL_IsStallEP)
    USBD_LL_IsoINIncomplete                  0x08005d51   Thumb Code    32  usbd_core.o(i.USBD_LL_IsoINIncomplete)
    USBD_LL_IsoOUTIncomplete                 0x08005d71   Thumb Code    32  usbd_core.o(i.USBD_LL_IsoOUTIncomplete)
    USBD_LL_OpenEP                           0x08005d91   Thumb Code    24  usbd_conf.o(i.USBD_LL_OpenEP)
    USBD_LL_PrepareReceive                   0x08005da9   Thumb Code    18  usbd_conf.o(i.USBD_LL_PrepareReceive)
    USBD_LL_Reset                            0x08005dbb   Thumb Code    90  usbd_core.o(i.USBD_LL_Reset)
    USBD_LL_Resume                           0x08005e15   Thumb Code    20  usbd_core.o(i.USBD_LL_Resume)
    USBD_LL_SOF                              0x08005e29   Thumb Code    32  usbd_core.o(i.USBD_LL_SOF)
    USBD_LL_SetSpeed                         0x08005e49   Thumb Code     6  usbd_core.o(i.USBD_LL_SetSpeed)
    USBD_LL_SetUSBAddress                    0x08005e4f   Thumb Code    18  usbd_conf.o(i.USBD_LL_SetUSBAddress)
    USBD_LL_SetupStage                       0x08005e61   Thumb Code    96  usbd_core.o(i.USBD_LL_SetupStage)
    USBD_LL_StallEP                          0x08005ec1   Thumb Code    18  usbd_conf.o(i.USBD_LL_StallEP)
    USBD_LL_Start                            0x08005ed3   Thumb Code    18  usbd_conf.o(i.USBD_LL_Start)
    USBD_LL_Suspend                          0x08005ee5   Thumb Code    18  usbd_core.o(i.USBD_LL_Suspend)
    USBD_LL_Transmit                         0x08005ef7   Thumb Code    18  usbd_conf.o(i.USBD_LL_Transmit)
    USBD_ParseSetupRequest                   0x08005f09   Thumb Code    44  usbd_ctlreq.o(i.USBD_ParseSetupRequest)
    USBD_RegisterClass                       0x08005f35   Thumb Code    36  usbd_core.o(i.USBD_RegisterClass)
    USBD_SetClassConfig                      0x08005f59   Thumb Code    20  usbd_core.o(i.USBD_SetClassConfig)
    USBD_Start                               0x08006029   Thumb Code     4  usbd_core.o(i.USBD_Start)
    USBD_StdDevReq                           0x0800602d   Thumb Code   276  usbd_ctlreq.o(i.USBD_StdDevReq)
    USBD_StdEPReq                            0x08006141   Thumb Code   320  usbd_ctlreq.o(i.USBD_StdEPReq)
    USBD_StdItfReq                           0x08006281   Thumb Code    82  usbd_ctlreq.o(i.USBD_StdItfReq)
    USBD_static_free                         0x080062d3   Thumb Code     2  usbd_conf.o(i.USBD_static_free)
    USBD_static_malloc                       0x080062d5   Thumb Code     4  usbd_conf.o(i.USBD_static_malloc)
    USB_ActivateEndpoint                     0x080062dd   Thumb Code   122  stm32f4xx_ll_usb.o(i.USB_ActivateEndpoint)
    USB_ActivateSetup                        0x0800635d   Thumb Code    28  stm32f4xx_ll_usb.o(i.USB_ActivateSetup)
    USB_CoreInit                             0x08006379   Thumb Code   112  stm32f4xx_ll_usb.o(i.USB_CoreInit)
    USB_DeactivateEndpoint                   0x0800642d   Thumb Code   194  stm32f4xx_ll_usb.o(i.USB_DeactivateEndpoint)
    USB_DevConnect                           0x080064f9   Thumb Code    28  stm32f4xx_ll_usb.o(i.USB_DevConnect)
    USB_DevDisconnect                        0x08006515   Thumb Code    28  stm32f4xx_ll_usb.o(i.USB_DevDisconnect)
    USB_DevInit                              0x08006531   Thumb Code   362  stm32f4xx_ll_usb.o(i.USB_DevInit)
    USB_DisableGlobalInt                     0x080066a5   Thumb Code    12  stm32f4xx_ll_usb.o(i.USB_DisableGlobalInt)
    USB_EP0StartXfer                         0x080066b1   Thumb Code   276  stm32f4xx_ll_usb.o(i.USB_EP0StartXfer)
    USB_EP0_OutStart                         0x080067c9   Thumb Code    84  stm32f4xx_ll_usb.o(i.USB_EP0_OutStart)
    USB_EPClearStall                         0x08006821   Thumb Code    88  stm32f4xx_ll_usb.o(i.USB_EPClearStall)
    USB_EPSetStall                           0x08006879   Thumb Code    88  stm32f4xx_ll_usb.o(i.USB_EPSetStall)
    USB_EPStartXfer                          0x080068d1   Thumb Code   482  stm32f4xx_ll_usb.o(i.USB_EPStartXfer)
    USB_EnableGlobalInt                      0x08006ab9   Thumb Code    12  stm32f4xx_ll_usb.o(i.USB_EnableGlobalInt)
    USB_FlushRxFifo                          0x08006ac5   Thumb Code    36  stm32f4xx_ll_usb.o(i.USB_FlushRxFifo)
    USB_FlushTxFifo                          0x08006aed   Thumb Code    40  stm32f4xx_ll_usb.o(i.USB_FlushTxFifo)
    USB_GetDevSpeed                          0x08006b19   Thumb Code    26  stm32f4xx_ll_usb.o(i.USB_GetDevSpeed)
    USB_GetMode                              0x08006b33   Thumb Code     8  stm32f4xx_ll_usb.o(i.USB_GetMode)
    USB_ReadDevAllInEpInterrupt              0x08006b3b   Thumb Code    14  stm32f4xx_ll_usb.o(i.USB_ReadDevAllInEpInterrupt)
    USB_ReadDevAllOutEpInterrupt             0x08006b49   Thumb Code    14  stm32f4xx_ll_usb.o(i.USB_ReadDevAllOutEpInterrupt)
    USB_ReadDevInEPInterrupt                 0x08006b57   Thumb Code    36  stm32f4xx_ll_usb.o(i.USB_ReadDevInEPInterrupt)
    USB_ReadDevOutEPInterrupt                0x08006b7b   Thumb Code    16  stm32f4xx_ll_usb.o(i.USB_ReadDevOutEPInterrupt)
    USB_ReadInterrupts                       0x08006b8b   Thumb Code     8  stm32f4xx_ll_usb.o(i.USB_ReadInterrupts)
    USB_ReadPacket                           0x08006b93   Thumb Code    62  stm32f4xx_ll_usb.o(i.USB_ReadPacket)
    USB_SetCurrentMode                       0x08006bd1   Thumb Code    92  stm32f4xx_ll_usb.o(i.USB_SetCurrentMode)
    USB_SetDevAddress                        0x08006c2d   Thumb Code    34  stm32f4xx_ll_usb.o(i.USB_SetDevAddress)
    USB_SetTurnaroundTime                    0x08006c51   Thumb Code   158  stm32f4xx_ll_usb.o(i.USB_SetTurnaroundTime)
    USB_WritePacket                          0x08006d39   Thumb Code    40  stm32f4xx_ll_usb.o(i.USB_WritePacket)
    UsageFault_Handler                       0x08006d61   Thumb Code     2  stm32f4xx_it.o(i.UsageFault_Handler)
    generate_sin_16bit_double_channel(short*, unsigned, float, float, short) 0x08006dc5   Thumb Code   156  user_task.o(i._Z33generate_sin_16bit_double_channelPsjffs)
    Audio::SetMicGain(unsigned char)         0x08006e65   Thumb Code    32  audio.o(i._ZN5Audio10SetMicGainEh)
    Audio::SetSpeakerVol(unsigned char)      0x08006e85   Thumb Code    36  audio.o(i._ZN5Audio13SetSpeakerVolEh)
    Audio::Init()                            0x08006ea9   Thumb Code   154  audio.o(i._ZN5Audio4InitEv)
    Audio::WriteReg(unsigned char, unsigned short) 0x08006f49   Thumb Code    64  audio.o(i._ZN5Audio8WriteRegEht)
    Audio::WriteData(short*, unsigned, bool) 0x08006f8d   Thumb Code    40  audio.o(i._ZN5Audio9WriteDataEPsjb)
    __ARM_fpclassifyf                        0x08006fb5   Thumb Code    38  fpclassifyf.o(i.__ARM_fpclassifyf)
    __hardfp_sinf                            0x08006ffd   Thumb Code   344  sinf.o(i.__hardfp_sinf)
    __mathlib_flt_infnan                     0x0800718d   Thumb Code     6  funder.o(i.__mathlib_flt_infnan)
    __mathlib_flt_invalid                    0x08007195   Thumb Code    10  funder.o(i.__mathlib_flt_invalid)
    __mathlib_flt_underflow                  0x080071a5   Thumb Code    10  funder.o(i.__mathlib_flt_underflow)
    __mathlib_rredf2                         0x080071b5   Thumb Code   316  rredf.o(i.__mathlib_rredf2)
    __scatterload_copy                       0x08007309   Thumb Code    14  handlers.o(i.__scatterload_copy)
    __scatterload_null                       0x08007317   Thumb Code     2  handlers.o(i.__scatterload_null)
    __scatterload_zeroinit                   0x08007319   Thumb Code    14  handlers.o(i.__scatterload_zeroinit)
    __set_errno                              0x08007329   Thumb Code     6  errno.o(i.__set_errno)
    audio_i2s_tx_done                        0x08007351   Thumb Code    44  audio.o(i.audio_i2s_tx_done)
    main                                     0x08007385   Thumb Code    84  main.o(i.main)
    osDelay                                  0x080073e1   Thumb Code    26  cmsis_os2.o(i.osDelay)
    osKernelInitialize                       0x080073fd   Thumb Code    32  cmsis_os2.o(i.osKernelInitialize)
    osKernelStart                            0x08007421   Thumb Code    48  cmsis_os2.o(i.osKernelStart)
    osThreadNew                              0x08007459   Thumb Code   136  cmsis_os2.o(i.osThreadNew)
    pvPortMalloc                             0x08007c71   Thumb Code   216  heap_4.o(i.pvPortMalloc)
    pvTaskIncrementMutexHeldCount            0x08007d4d   Thumb Code    18  tasks.o(i.pvTaskIncrementMutexHeldCount)
    pxPortInitialiseStack                    0x08007d65   Thumb Code    40  port.o(i.pxPortInitialiseStack)
    uxListRemove                             0x08007d91   Thumb Code    38  list.o(i.uxListRemove)
    vApplicationGetIdleTaskMemory            0x08007db9   Thumb Code    16  cmsis_os2.o(i.vApplicationGetIdleTaskMemory)
    vApplicationGetTimerTaskMemory           0x08007dcd   Thumb Code    18  cmsis_os2.o(i.vApplicationGetTimerTaskMemory)
    vListInitialise                          0x08007de5   Thumb Code    22  list.o(i.vListInitialise)
    vListInitialiseItem                      0x08007dfb   Thumb Code     6  list.o(i.vListInitialiseItem)
    vListInsert                              0x08007e01   Thumb Code    48  list.o(i.vListInsert)
    vListInsertEnd                           0x08007e31   Thumb Code    24  list.o(i.vListInsertEnd)
    vPortEnterCritical                       0x08007e49   Thumb Code    54  port.o(i.vPortEnterCritical)
    vPortExitCritical                        0x08007e89   Thumb Code    34  port.o(i.vPortExitCritical)
    vPortFree                                0x08007eb1   Thumb Code    94  heap_4.o(i.vPortFree)
    vPortSetupTimerInterrupt                 0x08007f15   Thumb Code    32  port.o(i.vPortSetupTimerInterrupt)
    vPortValidateInterruptPriority           0x08007f39   Thumb Code    74  port.o(i.vPortValidateInterruptPriority)
    vQueueAddToRegistry                      0x08007f8d   Thumb Code    34  queue.o(i.vQueueAddToRegistry)
    vQueueWaitForMessageRestricted           0x08007fb5   Thumb Code    68  queue.o(i.vQueueWaitForMessageRestricted)
    vTaskDelay                               0x08007ff9   Thumb Code    66  tasks.o(i.vTaskDelay)
    vTaskDelete                              0x08008045   Thumb Code   130  tasks.o(i.vTaskDelete)
    vTaskInternalSetTimeOutState             0x080080d5   Thumb Code    12  tasks.o(i.vTaskInternalSetTimeOutState)
    vTaskMissedYield                         0x080080e5   Thumb Code     8  tasks.o(i.vTaskMissedYield)
    vTaskPlaceOnEventList                    0x080080f1   Thumb Code    44  tasks.o(i.vTaskPlaceOnEventList)
    vTaskPlaceOnEventListRestricted          0x08008121   Thumb Code    52  tasks.o(i.vTaskPlaceOnEventListRestricted)
    vTaskPriorityDisinheritAfterTimeout      0x08008159   Thumb Code   134  tasks.o(i.vTaskPriorityDisinheritAfterTimeout)
    vTaskStartScheduler                      0x080081e9   Thumb Code   118  tasks.o(i.vTaskStartScheduler)
    vTaskSuspendAll                          0x08008271   Thumb Code    10  tasks.o(i.vTaskSuspendAll)
    vTaskSwitchContext                       0x08008281   Thumb Code    90  tasks.o(i.vTaskSwitchContext)
    xPortStartScheduler                      0x080082e5   Thumb Code   222  port.o(i.xPortStartScheduler)
    xPortSysTickHandler                      0x080083d9   Thumb Code    38  port.o(i.xPortSysTickHandler)
    xQueueGenericCreate                      0x08008405   Thumb Code    66  queue.o(i.xQueueGenericCreate)
    xQueueGenericCreateStatic                0x08008447   Thumb Code   102  queue.o(i.xQueueGenericCreateStatic)
    xQueueGenericReset                       0x080084ad   Thumb Code   132  queue.o(i.xQueueGenericReset)
    xQueueGenericSend                        0x08008535   Thumb Code   346  queue.o(i.xQueueGenericSend)
    xQueueGenericSendFromISR                 0x08008695   Thumb Code   190  queue.o(i.xQueueGenericSendFromISR)
    xQueueGiveFromISR                        0x08008753   Thumb Code   156  queue.o(i.xQueueGiveFromISR)
    xQueueReceive                            0x080087f1   Thumb Code   308  queue.o(i.xQueueReceive)
    xQueueSemaphoreTake                      0x08008929   Thumb Code   372  queue.o(i.xQueueSemaphoreTake)
    xTaskCheckForTimeOut                     0x08008aa1   Thumb Code   112  tasks.o(i.xTaskCheckForTimeOut)
    xTaskCreate                              0x08008b15   Thumb Code    90  tasks.o(i.xTaskCreate)
    xTaskCreateStatic                        0x08008b6f   Thumb Code    86  tasks.o(i.xTaskCreateStatic)
    xTaskGetSchedulerState                   0x08008bc5   Thumb Code    22  tasks.o(i.xTaskGetSchedulerState)
    xTaskGetTickCount                        0x08008be1   Thumb Code     6  tasks.o(i.xTaskGetTickCount)
    xTaskIncrementTick                       0x08008bed   Thumb Code   192  tasks.o(i.xTaskIncrementTick)
    xTaskPriorityDisinherit                  0x08008cb5   Thumb Code   118  tasks.o(i.xTaskPriorityDisinherit)
    xTaskPriorityInherit                     0x08008d35   Thumb Code   112  tasks.o(i.xTaskPriorityInherit)
    xTaskRemoveFromEventList                 0x08008dad   Thumb Code    98  tasks.o(i.xTaskRemoveFromEventList)
    xTaskResumeAll                           0x08008e1d   Thumb Code   182  tasks.o(i.xTaskResumeAll)
    xTimerCreateTimerTask                    0x08008ee1   Thumb Code    78  timers.o(i.xTimerCreateTimerTask)
    xTimerGenericCommand                     0x08008f41   Thumb Code    98  timers.o(i.xTimerGenericCommand)
    defaultTask_attributes                   0x08008fa8   Data          36  freertos.o(.constdata)
    audioTask_attributes                     0x08008fcc   Data          36  freertos.o(.constdata)
    AHBPrescTable                            0x08008ff8   Data          16  system_stm32f4xx.o(.constdata)
    APBPrescTable                            0x08009008   Data           8  system_stm32f4xx.o(.constdata)
    Region$$Table$$Base                      0x08009048   Number         0  anon$$obj.o(Region$$Table)
    Region$$Table$$Limit                     0x08009068   Number         0  anon$$obj.o(Region$$Table)
    SHT$$INIT_ARRAY$$Base                    0x08009068   Number         0  user_task.o(.init_array)
    SHT$$INIT_ARRAY$$Limit                   0x0800906c   Number         0  cpp_init.o(.init_array)
    defaultTaskHandle                        0x20000000   Data           4  freertos.o(.data)
    audioTaskHandle                          0x20000004   Data           4  freertos.o(.data)
    HS_Desc                                  0x20000008   Data          28  usbd_desc.o(.data)
    USBD_LangIDDesc                          0x20000024   Data           4  usbd_desc.o(.data)
    USBD_HS_DeviceDesc                       0x20000028   Data          18  usbd_desc.o(.data)
    USBD_StringSerial                        0x2000003c   Data          26  usbd_desc.o(.data)
    uwTickFreq                               0x20000058   Data           1  stm32f4xx_hal.o(.data)
    uwTickPrio                               0x2000005c   Data           4  stm32f4xx_hal.o(.data)
    uwTick                                   0x20000060   Data           4  stm32f4xx_hal.o(.data)
    SystemCoreClock                          0x20000064   Data           4  system_stm32f4xx.o(.data)
    pxCurrentTCB                             0x20000068   Data           4  tasks.o(.data)
    USBD_CDC                                 0x200001c4   Data          56  usbd_cdc.o(.data)
    USBD_Interface_fops_HS                   0x200001fc   Data          20  usbd_cdc_if_1.o(.data)
    hadc1                                    0x2000028c   Data          72  adc.o(.bss)
    hi2c1                                    0x200002d4   Data          84  i2c.o(.bss)
    hi2c3                                    0x20000328   Data          84  i2c.o(.bss)
    hdma_i2c1_tx                             0x2000037c   Data          96  i2c.o(.bss)
    hdma_i2c1_rx                             0x200003dc   Data          96  i2c.o(.bss)
    hi2s3                                    0x2000043c   Data          72  i2s.o(.bss)
    hdma_spi3_tx                             0x20000484   Data          96  i2s.o(.bss)
    hdma_i2s3_ext_rx                         0x200004e4   Data          96  i2s.o(.bss)
    hspi1                                    0x20000544   Data          88  spi.o(.bss)
    hdma_spi1_tx                             0x2000059c   Data          96  spi.o(.bss)
    htim4                                    0x200005fc   Data          72  tim.o(.bss)
    htim5                                    0x20000644   Data          72  tim.o(.bss)
    rx_buffer                                0x2000068c   Data         128  usart.o(.bss)
    huart1                                   0x2000070c   Data          68  usart.o(.bss)
    hdma_usart1_rx                           0x20000750   Data          96  usart.o(.bss)
    hdma_usart1_tx                           0x200007b0   Data          96  usart.o(.bss)
    htim14                                   0x20000810   Data          72  stm32f4xx_hal_timebase_tim.o(.bss)
    hUsbDeviceHS                             0x20000858   Data         720  usb_device.o(.bss)
    USBD_StrDesc                             0x20000b28   Data         512  usbd_desc.o(.bss)
    hpcd_USB_OTG_HS                          0x20000f48   Data        1032  usbd_conf.o(.bss)
    xQueueRegistry                           0x20001350   Data          64  queue.o(.bss)
    UserRxBufferHS                           0x20004734   Data        2048  usbd_cdc_if_1.o(.bss)
    UserTxBufferHS                           0x20004f34   Data        2048  usbd_cdc_if_1.o(.bss)
    audio                                    0x20005734   Data          12  user_task.o(.bss)
    pcmsample_16bit                          0x20005740   Data        1764  user_task.o(.bss)
    __initial_sp                             0x20006e28   Data           0  startup_stm32f405xx.o(STACK)



==============================================================================

Memory Map of the image

  Image Entry point : 0x08000189

  Load Region LR_IROM1 (Base: 0x08000000, Size: 0x000092f8, Max: 0x00100000, ABSOLUTE, COMPRESSED[0x00009168])

    Execution Region ER_IROM1 (Base: 0x08000000, Size: 0x0000906c, Max: 0x00100000, ABSOLUTE)

    Base Addr    Size         Type   Attr      Idx    E Section Name        Object

    0x08000000   0x00000188   Data   RO            3    RESET               startup_stm32f405xx.o
    0x08000188   0x00000000   Code   RO         8346  * .ARM.Collect$$$$00000000  mc_w.l(entry.o)
    0x08000188   0x00000004   Code   RO         8383    .ARM.Collect$$$$00000001  mc_w.l(entry2.o)
    0x0800018c   0x00000004   Code   RO         8386    .ARM.Collect$$$$00000004  mc_w.l(entry5.o)
    0x08000190   0x00000000   Code   RO         8388    .ARM.Collect$$$$00000008  mc_w.l(entry7b.o)
    0x08000190   0x00000004   Code   RO         8389    .ARM.Collect$$$$00000009  mc_w.l(entry8a.o)
    0x08000194   0x00000000   Code   RO         8390    .ARM.Collect$$$$0000000A  mc_w.l(entry8b.o)
    0x08000194   0x00000008   Code   RO         8391    .ARM.Collect$$$$0000000B  mc_w.l(entry9a.o)
    0x0800019c   0x00000000   Code   RO         8393    .ARM.Collect$$$$0000000D  mc_w.l(entry10a.o)
    0x0800019c   0x00000000   Code   RO         8395    .ARM.Collect$$$$0000000F  mc_w.l(entry11a.o)
    0x0800019c   0x00000004   Code   RO         8384    .ARM.Collect$$$$00002712  mc_w.l(entry2.o)
    0x080001a0   0x000000be   Code   RO         7314    .emb_text           port.o
    0x0800025e   0x00000002   PAD
    0x08000260   0x00000024   Code   RO            4    .text               startup_stm32f405xx.o
    0x08000284   0x00000062   Code   RO         8349    .text               mc_w.l(uldiv.o)
    0x080002e6   0x00000024   Code   RO         8351    .text               mc_w.l(memcpya.o)
    0x0800030a   0x00000024   Code   RO         8355    .text               mc_w.l(memseta.o)
    0x0800032e   0x00000002   PAD
    0x08000330   0x00000020   Code   RO         8362    .text               mc_w.l(cpp_init.o)
    0x08000350   0x0000001e   Code   RO         8397    .text               mc_w.l(llshl.o)
    0x0800036e   0x00000020   Code   RO         8399    .text               mc_w.l(llushr.o)
    0x0800038e   0x00000000   Code   RO         8408    .text               mc_w.l(iusefp.o)
    0x0800038e   0x00000002   PAD
    0x08000390   0x00000024   Code   RO         8409    .text               mc_w.l(init.o)
    0x080003b4   0x00000056   Code   RO         8419    .text               mc_w.l(__dczerorl2.o)
    0x0800040a   0x00000002   PAD
    0x0800040c   0x00000128   Code   RO         2958    i.ADC_Init          stm32f4xx_hal_adc.o
    0x08000534   0x00000002   Code   RO          694    i.BusFault_Handler  stm32f4xx_it.o
    0x08000536   0x00000002   PAD
    0x08000538   0x0000000c   Code   RO          695    i.DMA1_Stream0_IRQHandler  stm32f4xx_it.o
    0x08000544   0x0000000c   Code   RO          696    i.DMA1_Stream2_IRQHandler  stm32f4xx_it.o
    0x08000550   0x0000000c   Code   RO          697    i.DMA1_Stream5_IRQHandler  stm32f4xx_it.o
    0x0800055c   0x0000000c   Code   RO          698    i.DMA1_Stream6_IRQHandler  stm32f4xx_it.o
    0x08000568   0x0000000c   Code   RO          699    i.DMA2_Stream2_IRQHandler  stm32f4xx_it.o
    0x08000574   0x0000000c   Code   RO          700    i.DMA2_Stream3_IRQHandler  stm32f4xx_it.o
    0x08000580   0x0000000c   Code   RO          701    i.DMA2_Stream7_IRQHandler  stm32f4xx_it.o
    0x0800058c   0x00000028   Code   RO         2282    i.DMA_CalcBaseAndBitshift  stm32f4xx_hal_dma.o
    0x080005b4   0x00000054   Code   RO         2283    i.DMA_CheckFifoParam  stm32f4xx_hal_dma.o
    0x08000608   0x00000028   Code   RO         2284    i.DMA_SetConfig     stm32f4xx_hal_dma.o
    0x08000630   0x00000002   Code   RO          702    i.DebugMon_Handler  stm32f4xx_it.o
    0x08000632   0x00000004   Code   RO           13    i.Error_Handler     main.o
    0x08000636   0x00000002   PAD
    0x08000638   0x0000014c   Code   RO         2960    i.HAL_ADC_ConfigChannel  stm32f4xx_hal_adc.o
    0x08000784   0x00000054   Code   RO         2969    i.HAL_ADC_Init      stm32f4xx_hal_adc.o
    0x080007d8   0x00000060   Code   RO          351    i.HAL_ADC_MspInit   adc.o
    0x08000838   0x00000092   Code   RO         2285    i.HAL_DMA_Abort     stm32f4xx_hal_dma.o
    0x080008ca   0x00000024   Code   RO         2286    i.HAL_DMA_Abort_IT  stm32f4xx_hal_dma.o
    0x080008ee   0x00000006   Code   RO         2289    i.HAL_DMA_GetState  stm32f4xx_hal_dma.o
    0x080008f4   0x000001a0   Code   RO         2290    i.HAL_DMA_IRQHandler  stm32f4xx_hal_dma.o
    0x08000a94   0x000000d4   Code   RO         2291    i.HAL_DMA_Init      stm32f4xx_hal_dma.o
    0x08000b68   0x0000006e   Code   RO         2295    i.HAL_DMA_Start_IT  stm32f4xx_hal_dma.o
    0x08000bd6   0x00000002   PAD
    0x08000bd8   0x00000024   Code   RO         2704    i.HAL_Delay         stm32f4xx_hal.o
    0x08000bfc   0x000001f0   Code   RO         2178    i.HAL_GPIO_Init     stm32f4xx_hal_gpio.o
    0x08000dec   0x0000000a   Code   RO         2182    i.HAL_GPIO_WritePin  stm32f4xx_hal_gpio.o
    0x08000df6   0x00000002   PAD
    0x08000df8   0x0000000c   Code   RO         2710    i.HAL_GetTick       stm32f4xx_hal.o
    0x08000e04   0x00000002   Code   RO         3233    i.HAL_I2C_AbortCpltCallback  stm32f4xx_hal_i2c.o
    0x08000e06   0x00000002   Code   RO         3234    i.HAL_I2C_AddrCallback  stm32f4xx_hal_i2c.o
    0x08000e08   0x000000ba   Code   RO         3237    i.HAL_I2C_ER_IRQHandler  stm32f4xx_hal_i2c.o
    0x08000ec2   0x00000230   Code   RO         3238    i.HAL_I2C_EV_IRQHandler  stm32f4xx_hal_i2c.o
    0x080010f2   0x00000002   Code   RO         3240    i.HAL_I2C_ErrorCallback  stm32f4xx_hal_i2c.o
    0x080010f4   0x00000188   Code   RO         3244    i.HAL_I2C_Init      stm32f4xx_hal_i2c.o
    0x0800127c   0x00000002   Code   RO         3246    i.HAL_I2C_ListenCpltCallback  stm32f4xx_hal_i2c.o
    0x0800127e   0x00000002   Code   RO          416    i.HAL_I2C_MasterRxCpltCallback  i2c.o
    0x08001280   0x00000002   Code   RO          417    i.HAL_I2C_MasterTxCpltCallback  i2c.o
    0x08001282   0x00000002   PAD
    0x08001284   0x0000012c   Code   RO         3257    i.HAL_I2C_Master_Transmit  stm32f4xx_hal_i2c.o
    0x080013b0   0x00000002   Code   RO         3260    i.HAL_I2C_MemRxCpltCallback  stm32f4xx_hal_i2c.o
    0x080013b2   0x00000002   Code   RO         3261    i.HAL_I2C_MemTxCpltCallback  stm32f4xx_hal_i2c.o
    0x080013b4   0x00000164   Code   RO          419    i.HAL_I2C_MspInit   i2c.o
    0x08001518   0x00000002   Code   RO         3270    i.HAL_I2C_SlaveRxCpltCallback  stm32f4xx_hal_i2c.o
    0x0800151a   0x00000002   Code   RO         3271    i.HAL_I2C_SlaveTxCpltCallback  stm32f4xx_hal_i2c.o
    0x0800151c   0x000001f4   Code   RO         3862    i.HAL_I2SEx_FullDuplex_IRQHandler  stm32f4xx_hal_i2s_ex.o
    0x08001710   0x0000000a   Code   RO          476    i.HAL_I2SEx_TxRxCpltCallback  i2s.o
    0x0800171a   0x00000002   Code   RO         3687    i.HAL_I2S_ErrorCallback  stm32f4xx_hal_i2s.o
    0x0800171c   0x00000004   Code   RO         3690    i.HAL_I2S_IRQHandler  stm32f4xx_hal_i2s.o
    0x08001720   0x00000174   Code   RO         3691    i.HAL_I2S_Init      stm32f4xx_hal_i2s.o
    0x08001894   0x00000128   Code   RO          478    i.HAL_I2S_MspInit   i2s.o
    0x080019bc   0x00000004   Code   RO          479    i.HAL_I2S_RxCpltCallback  i2s.o
    0x080019c0   0x000000f4   Code   RO         3699    i.HAL_I2S_Transmit  stm32f4xx_hal_i2s.o
    0x08001ab4   0x000000c0   Code   RO         3700    i.HAL_I2S_Transmit_DMA  stm32f4xx_hal_i2s.o
    0x08001b74   0x00000004   Code   RO          480    i.HAL_I2S_TxCpltCallback  i2s.o
    0x08001b78   0x00000002   Code   RO         3703    i.HAL_I2S_TxHalfCpltCallback  stm32f4xx_hal_i2s.o
    0x08001b7a   0x00000002   PAD
    0x08001b7c   0x00000010   Code   RO         2716    i.HAL_IncTick       stm32f4xx_hal.o
    0x08001b8c   0x00000034   Code   RO         2717    i.HAL_Init          stm32f4xx_hal.o
    0x08001bc0   0x00000074   Code   RO          878    i.HAL_InitTick      stm32f4xx_hal_timebase_tim.o
    0x08001c34   0x00000038   Code   RO          854    i.HAL_MspInit       stm32f4xx_hal_msp.o
    0x08001c6c   0x0000001a   Code   RO         2567    i.HAL_NVIC_EnableIRQ  stm32f4xx_hal_cortex.o
    0x08001c86   0x00000002   PAD
    0x08001c88   0x00000040   Code   RO         2573    i.HAL_NVIC_SetPriority  stm32f4xx_hal_cortex.o
    0x08001cc8   0x00000024   Code   RO         2574    i.HAL_NVIC_SetPriorityGrouping  stm32f4xx_hal_cortex.o
    0x08001cec   0x00000002   Code   RO         1485    i.HAL_PCDEx_LPM_Callback  stm32f4xx_hal_pcd_ex.o
    0x08001cee   0x00000008   Code   RO         1486    i.HAL_PCDEx_SetRxFiFo  stm32f4xx_hal_pcd_ex.o
    0x08001cf6   0x00000044   Code   RO         1487    i.HAL_PCDEx_SetTxFiFo  stm32f4xx_hal_pcd_ex.o
    0x08001d3a   0x00000008   Code   RO         1051    i.HAL_PCD_ConnectCallback  usbd_conf.o
    0x08001d42   0x00000012   Code   RO         1052    i.HAL_PCD_DataInStageCallback  usbd_conf.o
    0x08001d54   0x00000014   Code   RO         1053    i.HAL_PCD_DataOutStageCallback  usbd_conf.o
    0x08001d68   0x00000008   Code   RO         1054    i.HAL_PCD_DisconnectCallback  usbd_conf.o
    0x08001d70   0x0000004c   Code   RO         1267    i.HAL_PCD_EP_Close  stm32f4xx_hal_pcd.o
    0x08001dbc   0x0000005c   Code   RO         1268    i.HAL_PCD_EP_ClrStall  stm32f4xx_hal_pcd.o
    0x08001e18   0x00000012   Code   RO         1270    i.HAL_PCD_EP_GetRxCount  stm32f4xx_hal_pcd.o
    0x08001e2a   0x00000060   Code   RO         1271    i.HAL_PCD_EP_Open   stm32f4xx_hal_pcd.o
    0x08001e8a   0x00000048   Code   RO         1272    i.HAL_PCD_EP_Receive  stm32f4xx_hal_pcd.o
    0x08001ed2   0x00000074   Code   RO         1273    i.HAL_PCD_EP_SetStall  stm32f4xx_hal_pcd.o
    0x08001f46   0x00000040   Code   RO         1274    i.HAL_PCD_EP_Transmit  stm32f4xx_hal_pcd.o
    0x08001f86   0x00000002   PAD
    0x08001f88   0x00000434   Code   RO         1276    i.HAL_PCD_IRQHandler  stm32f4xx_hal_pcd.o
    0x080023bc   0x00000008   Code   RO         1055    i.HAL_PCD_ISOINIncompleteCallback  usbd_conf.o
    0x080023c4   0x00000008   Code   RO         1056    i.HAL_PCD_ISOOUTIncompleteCallback  usbd_conf.o
    0x080023cc   0x000000e2   Code   RO         1279    i.HAL_PCD_Init      stm32f4xx_hal_pcd.o
    0x080024ae   0x00000002   PAD
    0x080024b0   0x000000f8   Code   RO         1058    i.HAL_PCD_MspInit   usbd_conf.o
    0x080025a8   0x0000002c   Code   RO         1059    i.HAL_PCD_ResetCallback  usbd_conf.o
    0x080025d4   0x00000008   Code   RO         1060    i.HAL_PCD_ResumeCallback  usbd_conf.o
    0x080025dc   0x00000008   Code   RO         1061    i.HAL_PCD_SOFCallback  usbd_conf.o
    0x080025e4   0x00000028   Code   RO         1285    i.HAL_PCD_SetAddress  stm32f4xx_hal_pcd.o
    0x0800260c   0x0000000e   Code   RO         1062    i.HAL_PCD_SetupStageCallback  usbd_conf.o
    0x0800261a   0x00000042   Code   RO         1287    i.HAL_PCD_Start     stm32f4xx_hal_pcd.o
    0x0800265c   0x00000030   Code   RO         1063    i.HAL_PCD_SuspendCallback  usbd_conf.o
    0x0800268c   0x0000005c   Code   RO         1928    i.HAL_RCCEx_GetPeriphCLKFreq  stm32f4xx_hal_rcc_ex.o
    0x080026e8   0x0000013c   Code   RO         1929    i.HAL_RCCEx_PeriphCLKConfig  stm32f4xx_hal_rcc_ex.o
    0x08002824   0x00000134   Code   RO         1824    i.HAL_RCC_ClockConfig  stm32f4xx_hal_rcc.o
    0x08002958   0x00000134   Code   RO         1930    i.HAL_RCC_DeInit    stm32f4xx_hal_rcc_ex.o
    0x08002a8c   0x00000040   Code   RO         1828    i.HAL_RCC_GetClockConfig  stm32f4xx_hal_rcc.o
    0x08002acc   0x0000000c   Code   RO         1829    i.HAL_RCC_GetHCLKFreq  stm32f4xx_hal_rcc.o
    0x08002ad8   0x00000020   Code   RO         1831    i.HAL_RCC_GetPCLK1Freq  stm32f4xx_hal_rcc.o
    0x08002af8   0x00000020   Code   RO         1832    i.HAL_RCC_GetPCLK2Freq  stm32f4xx_hal_rcc.o
    0x08002b18   0x00000060   Code   RO         1833    i.HAL_RCC_GetSysClockFreq  stm32f4xx_hal_rcc.o
    0x08002b78   0x0000036c   Code   RO         1836    i.HAL_RCC_OscConfig  stm32f4xx_hal_rcc.o
    0x08002ee4   0x00000002   Code   RO         3953    i.HAL_SPI_ErrorCallback  stm32f4xx_hal_spi.o
    0x08002ee6   0x00000002   PAD
    0x08002ee8   0x000000fc   Code   RO         3956    i.HAL_SPI_IRQHandler  stm32f4xx_hal_spi.o
    0x08002fe4   0x000000bc   Code   RO         3957    i.HAL_SPI_Init      stm32f4xx_hal_spi.o
    0x080030a0   0x000000d0   Code   RO          539    i.HAL_SPI_MspInit   spi.o
    0x08003170   0x00000002   Code   RO         4974    i.HAL_TIMEx_BreakCallback  stm32f4xx_hal_tim_ex.o
    0x08003172   0x00000002   Code   RO         4975    i.HAL_TIMEx_CommutCallback  stm32f4xx_hal_tim_ex.o
    0x08003174   0x00000090   Code   RO         4993    i.HAL_TIMEx_MasterConfigSynchronization  stm32f4xx_hal_tim_ex.o
    0x08003204   0x0000005a   Code   RO         4270    i.HAL_TIM_Base_Init  stm32f4xx_hal_tim.o
    0x0800325e   0x00000002   PAD
    0x08003260   0x00000054   Code   RO          597    i.HAL_TIM_Base_MspInit  tim.o
    0x080032b4   0x00000078   Code   RO         4273    i.HAL_TIM_Base_Start  stm32f4xx_hal_tim.o
    0x0800332c   0x00000080   Code   RO         4275    i.HAL_TIM_Base_Start_IT  stm32f4xx_hal_tim.o
    0x080033ac   0x000000dc   Code   RO         4279    i.HAL_TIM_ConfigClockSource  stm32f4xx_hal_tim.o
    0x08003488   0x00000002   Code   RO         4304    i.HAL_TIM_IC_CaptureCallback  stm32f4xx_hal_tim.o
    0x0800348a   0x00000166   Code   RO         4318    i.HAL_TIM_IRQHandler  stm32f4xx_hal_tim.o
    0x080035f0   0x00000002   Code   RO         4321    i.HAL_TIM_OC_DelayElapsedCallback  stm32f4xx_hal_tim.o
    0x080035f2   0x00000002   Code   RO         4348    i.HAL_TIM_PWM_PulseFinishedCallback  stm32f4xx_hal_tim.o
    0x080035f4   0x00000014   Code   RO           14    i.HAL_TIM_PeriodElapsedCallback  main.o
    0x08003608   0x00000002   Code   RO         4361    i.HAL_TIM_TriggerCallback  stm32f4xx_hal_tim.o
    0x0800360a   0x00000002   Code   RO         5252    i.HAL_UARTEx_RxEventCallback  stm32f4xx_hal_uart.o
    0x0800360c   0x00000002   Code   RO         5266    i.HAL_UART_ErrorCallback  stm32f4xx_hal_uart.o
    0x0800360e   0x00000002   PAD
    0x08003610   0x00000268   Code   RO         5269    i.HAL_UART_IRQHandler  stm32f4xx_hal_uart.o
    0x08003878   0x00000062   Code   RO         5270    i.HAL_UART_Init     stm32f4xx_hal_uart.o
    0x080038da   0x00000002   PAD
    0x080038dc   0x000000e8   Code   RO          645    i.HAL_UART_MspInit  usart.o
    0x080039c4   0x0000002a   Code   RO         5274    i.HAL_UART_Receive_DMA  stm32f4xx_hal_uart.o
    0x080039ee   0x00000002   Code   RO         5276    i.HAL_UART_RxCpltCallback  stm32f4xx_hal_uart.o
    0x080039f0   0x00000002   Code   RO         5277    i.HAL_UART_RxHalfCpltCallback  stm32f4xx_hal_uart.o
    0x080039f2   0x00000002   Code   RO         5281    i.HAL_UART_TxCpltCallback  stm32f4xx_hal_uart.o
    0x080039f4   0x00000002   Code   RO          703    i.HardFault_Handler  stm32f4xx_it.o
    0x080039f6   0x00000002   PAD
    0x080039f8   0x0000000c   Code   RO          704    i.I2C1_ER_IRQHandler  stm32f4xx_it.o
    0x08003a04   0x0000000c   Code   RO          705    i.I2C1_EV_IRQHandler  stm32f4xx_it.o
    0x08003a10   0x000000bc   Code   RO         3282    i.I2C_DMAAbort      stm32f4xx_hal_i2c.o
    0x08003acc   0x00000158   Code   RO         3285    i.I2C_ITError       stm32f4xx_hal_i2c.o
    0x08003c24   0x0000002e   Code   RO         3286    i.I2C_IsAcknowledgeFailed  stm32f4xx_hal_i2c.o
    0x08003c52   0x000000d2   Code   RO         3287    i.I2C_MasterReceive_BTF  stm32f4xx_hal_i2c.o
    0x08003d24   0x000000e8   Code   RO         3288    i.I2C_MasterReceive_RXNE  stm32f4xx_hal_i2c.o
    0x08003e0c   0x0000009c   Code   RO         3290    i.I2C_MasterRequestWrite  stm32f4xx_hal_i2c.o
    0x08003ea8   0x00000082   Code   RO         3291    i.I2C_MasterTransmit_BTF  stm32f4xx_hal_i2c.o
    0x08003f2a   0x00000002   PAD
    0x08003f2c   0x000000b6   Code   RO         3292    i.I2C_MasterTransmit_TXE  stm32f4xx_hal_i2c.o
    0x08003fe2   0x00000002   PAD
    0x08003fe4   0x00000118   Code   RO         3293    i.I2C_Master_ADDR   stm32f4xx_hal_i2c.o
    0x080040fc   0x0000008c   Code   RO         3294    i.I2C_Master_SB     stm32f4xx_hal_i2c.o
    0x08004188   0x000000a0   Code   RO         3295    i.I2C_MemoryTransmit_TXE_BTF  stm32f4xx_hal_i2c.o
    0x08004228   0x00000046   Code   RO         3298    i.I2C_Slave_ADDR    stm32f4xx_hal_i2c.o
    0x0800426e   0x00000002   PAD
    0x08004270   0x00000084   Code   RO         3299    i.I2C_Slave_AF      stm32f4xx_hal_i2c.o
    0x080042f4   0x0000015c   Code   RO         3300    i.I2C_Slave_STOPF   stm32f4xx_hal_i2c.o
    0x08004450   0x0000004c   Code   RO         3301    i.I2C_WaitOnBTFFlagUntilTimeout  stm32f4xx_hal_i2c.o
    0x0800449c   0x00000068   Code   RO         3302    i.I2C_WaitOnFlagUntilTimeout  stm32f4xx_hal_i2c.o
    0x08004504   0x00000096   Code   RO         3303    i.I2C_WaitOnMasterAddressFlagUntilTimeout  stm32f4xx_hal_i2c.o
    0x0800459a   0x0000004c   Code   RO         3305    i.I2C_WaitOnTXEFlagUntilTimeout  stm32f4xx_hal_i2c.o
    0x080045e6   0x00000002   PAD
    0x080045e8   0x00000060   Code   RO         3869    i.I2SEx_RxISR_I2SExt  stm32f4xx_hal_i2s_ex.o
    0x08004648   0x00000060   Code   RO         3870    i.I2SEx_TxISR_I2SExt  stm32f4xx_hal_i2s_ex.o
    0x080046a8   0x00000028   Code   RO         3704    i.I2S_DMAError      stm32f4xx_hal_i2s.o
    0x080046d0   0x00000024   Code   RO         3707    i.I2S_DMATxCplt     stm32f4xx_hal_i2s.o
    0x080046f4   0x0000000a   Code   RO         3708    i.I2S_DMATxHalfCplt  stm32f4xx_hal_i2s.o
    0x080046fe   0x000000f2   Code   RO         3709    i.I2S_IRQHandler    stm32f4xx_hal_i2s.o
    0x080047f0   0x0000004e   Code   RO         3710    i.I2S_WaitFlagStateUntilTimeout  stm32f4xx_hal_i2s.o
    0x0800483e   0x00000002   PAD
    0x08004840   0x00000038   Code   RO          965    i.IntToUnicode      usbd_desc.o
    0x08004878   0x00000064   Code   RO          352    i.MX_ADC1_Init      adc.o
    0x080048dc   0x0000009c   Code   RO          392    i.MX_DMA_Init       dma.o
    0x08004978   0x00000020   Code   RO          291    i.MX_FREERTOS_Init  freertos.o
    0x08004998   0x000000a4   Code   RO          267    i.MX_GPIO_Init      gpio.o
    0x08004a3c   0x00000040   Code   RO          420    i.MX_I2C1_Init      i2c.o
    0x08004a7c   0x00000040   Code   RO          421    i.MX_I2C3_Init      i2c.o
    0x08004abc   0x0000003c   Code   RO          481    i.MX_I2S3_Init      i2s.o
    0x08004af8   0x00000044   Code   RO          541    i.MX_SPI1_Init      spi.o
    0x08004b3c   0x00000068   Code   RO          598    i.MX_TIM4_Init      tim.o
    0x08004ba4   0x00000064   Code   RO          599    i.MX_TIM5_Init      tim.o
    0x08004c08   0x00000040   Code   RO          646    i.MX_USART1_UART_Init  usart.o
    0x08004c48   0x00000054   Code   RO          917    i.MX_USB_DEVICE_Init  usb_device.o
    0x08004c9c   0x00000002   Code   RO          706    i.MemManage_Handler  stm32f4xx_it.o
    0x08004c9e   0x00000002   Code   RO          707    i.NMI_Handler       stm32f4xx_it.o
    0x08004ca0   0x0000000c   Code   RO          708    i.OTG_HS_EP1_IN_IRQHandler  stm32f4xx_it.o
    0x08004cac   0x0000000c   Code   RO          709    i.OTG_HS_EP1_OUT_IRQHandler  stm32f4xx_it.o
    0x08004cb8   0x0000000c   Code   RO          710    i.OTG_HS_IRQHandler  stm32f4xx_it.o
    0x08004cc4   0x000000cc   Code   RO         1291    i.PCD_EP_OutXfrComplete_int  stm32f4xx_hal_pcd.o
    0x08004d90   0x000000a2   Code   RO         1292    i.PCD_WriteEmptyTxFifo  stm32f4xx_hal_pcd.o
    0x08004e32   0x00000002   PAD
    0x08004e34   0x0000000c   Code   RO          711    i.SPI1_IRQHandler   stm32f4xx_it.o
    0x08004e40   0x0000000c   Code   RO          712    i.SPI3_IRQHandler   stm32f4xx_it.o
    0x08004e4c   0x00000010   Code   RO         3984    i.SPI_DMAAbortOnError  stm32f4xx_hal_spi.o
    0x08004e5c   0x0000000a   Code   RO         7532    i.SWAPBYTE          usbd_ctlreq.o
    0x08004e66   0x00000004   Code   RO          292    i.StartAudioTask    freertos.o
    0x08004e6a   0x00000002   PAD
    0x08004e6c   0x0000002c   Code   RO          293    i.StartDefaultTask  freertos.o
    0x08004e98   0x0000001a   Code   RO         6746    i.SysTick_Handler   cmsis_os2.o
    0x08004eb2   0x00000002   PAD
    0x08004eb4   0x000000b0   Code   RO           15    i.SystemClock_Config  main.o
    0x08004f64   0x00000010   Code   RO         5599    i.SystemInit        system_stm32f4xx.o
    0x08004f74   0x0000000c   Code   RO          713    i.TIM4_IRQHandler   stm32f4xx_it.o
    0x08004f80   0x0000000c   Code   RO          714    i.TIM8_TRG_COM_TIM14_IRQHandler  stm32f4xx_it.o
    0x08004f8c   0x000000c8   Code   RO         4363    i.TIM_Base_SetConfig  stm32f4xx_hal_tim.o
    0x08005054   0x00000014   Code   RO         4374    i.TIM_ETR_SetConfig  stm32f4xx_hal_tim.o
    0x08005068   0x00000010   Code   RO         4375    i.TIM_ITRx_SetConfig  stm32f4xx_hal_tim.o
    0x08005078   0x00000022   Code   RO         4381    i.TIM_TI1_ConfigInputStage  stm32f4xx_hal_tim.o
    0x0800509a   0x00000024   Code   RO         4383    i.TIM_TI2_ConfigInputStage  stm32f4xx_hal_tim.o
    0x080050be   0x00000002   PAD
    0x080050c0   0x000000f0   Code   RO         7993    i.TaskAudioEntry    user_task.o
    0x080051b0   0x00000010   Code   RO         5283    i.UART_DMAAbortOnError  stm32f4xx_hal_uart.o
    0x080051c0   0x0000004a   Code   RO         5284    i.UART_DMAError     stm32f4xx_hal_uart.o
    0x0800520a   0x00000082   Code   RO         5285    i.UART_DMAReceiveCplt  stm32f4xx_hal_uart.o
    0x0800528c   0x0000001a   Code   RO         5287    i.UART_DMARxHalfCplt  stm32f4xx_hal_uart.o
    0x080052a6   0x0000004e   Code   RO         5293    i.UART_EndRxTransfer  stm32f4xx_hal_uart.o
    0x080052f4   0x0000001c   Code   RO         5294    i.UART_EndTxTransfer  stm32f4xx_hal_uart.o
    0x08005310   0x000000c0   Code   RO         5295    i.UART_Receive_IT   stm32f4xx_hal_uart.o
    0x080053d0   0x0000010c   Code   RO         5296    i.UART_SetConfig    stm32f4xx_hal_uart.o
    0x080054dc   0x00000090   Code   RO         5297    i.UART_Start_Receive_DMA  stm32f4xx_hal_uart.o
    0x0800556c   0x0000000c   Code   RO          715    i.USART1_IRQHandler  stm32f4xx_it.o
    0x08005578   0x00000062   Code   RO         7665    i.USBD_CDC_DataIn   usbd_cdc.o
    0x080055da   0x0000002a   Code   RO         7666    i.USBD_CDC_DataOut  usbd_cdc.o
    0x08005604   0x00000048   Code   RO         7667    i.USBD_CDC_DeInit   usbd_cdc.o
    0x0800564c   0x0000002e   Code   RO         7668    i.USBD_CDC_EP0_RxReady  usbd_cdc.o
    0x0800567a   0x00000002   PAD
    0x0800567c   0x0000000c   Code   RO         7669    i.USBD_CDC_GetDeviceQualifierDescriptor  usbd_cdc.o
    0x08005688   0x0000000c   Code   RO         7670    i.USBD_CDC_GetFSCfgDesc  usbd_cdc.o
    0x08005694   0x0000000c   Code   RO         7671    i.USBD_CDC_GetHSCfgDesc  usbd_cdc.o
    0x080056a0   0x0000000c   Code   RO         7672    i.USBD_CDC_GetOtherSpeedCfgDesc  usbd_cdc.o
    0x080056ac   0x000000a2   Code   RO         7673    i.USBD_CDC_Init     usbd_cdc.o
    0x0800574e   0x00000028   Code   RO         7674    i.USBD_CDC_ReceivePacket  usbd_cdc.o
    0x08005776   0x0000000e   Code   RO         7675    i.USBD_CDC_RegisterInterface  usbd_cdc.o
    0x08005784   0x00000012   Code   RO         7676    i.USBD_CDC_SetRxBuffer  usbd_cdc.o
    0x08005796   0x00000016   Code   RO         7677    i.USBD_CDC_SetTxBuffer  usbd_cdc.o
    0x080057ac   0x000000be   Code   RO         7678    i.USBD_CDC_Setup    usbd_cdc.o
    0x0800586a   0x00000010   Code   RO         7394    i.USBD_ClrClassConfig  usbd_core.o
    0x0800587a   0x00000010   Code   RO         7605    i.USBD_CtlContinueRx  usbd_ioreq.o
    0x0800588a   0x00000010   Code   RO         7606    i.USBD_CtlContinueSendData  usbd_ioreq.o
    0x0800589a   0x00000016   Code   RO         7533    i.USBD_CtlError     usbd_ctlreq.o
    0x080058b0   0x0000001e   Code   RO         7607    i.USBD_CtlPrepareRx  usbd_ioreq.o
    0x080058ce   0x00000016   Code   RO         7608    i.USBD_CtlReceiveStatus  usbd_ioreq.o
    0x080058e4   0x0000001a   Code   RO         7609    i.USBD_CtlSendData  usbd_ioreq.o
    0x080058fe   0x00000016   Code   RO         7610    i.USBD_CtlSendStatus  usbd_ioreq.o
    0x08005914   0x000000e6   Code   RO         7534    i.USBD_GetDescriptor  usbd_ctlreq.o
    0x080059fa   0x00000048   Code   RO         7535    i.USBD_GetString    usbd_ctlreq.o
    0x08005a42   0x00000018   Code   RO         1064    i.USBD_Get_USB_Status  usbd_conf.o
    0x08005a5a   0x00000002   PAD
    0x08005a5c   0x00000020   Code   RO          966    i.USBD_HS_ConfigStrDescriptor  usbd_desc.o
    0x08005a7c   0x0000000c   Code   RO          967    i.USBD_HS_DeviceDescriptor  usbd_desc.o
    0x08005a88   0x00000024   Code   RO          968    i.USBD_HS_InterfaceStrDescriptor  usbd_desc.o
    0x08005aac   0x0000000c   Code   RO          969    i.USBD_HS_LangIDStrDescriptor  usbd_desc.o
    0x08005ab8   0x00000028   Code   RO          970    i.USBD_HS_ManufacturerStrDescriptor  usbd_desc.o
    0x08005ae0   0x0000002c   Code   RO          971    i.USBD_HS_ProductStrDescriptor  usbd_desc.o
    0x08005b0c   0x00000038   Code   RO          972    i.USBD_HS_SerialStrDescriptor  usbd_desc.o
    0x08005b44   0x00000026   Code   RO         7396    i.USBD_Init         usbd_core.o
    0x08005b6a   0x00000012   Code   RO         1065    i.USBD_LL_ClearStallEP  usbd_conf.o
    0x08005b7c   0x00000012   Code   RO         1066    i.USBD_LL_CloseEP   usbd_conf.o
    0x08005b8e   0x000000a8   Code   RO         7397    i.USBD_LL_DataInStage  usbd_core.o
    0x08005c36   0x0000006c   Code   RO         7398    i.USBD_LL_DataOutStage  usbd_core.o
    0x08005ca2   0x00000004   Code   RO         7399    i.USBD_LL_DevConnected  usbd_core.o
    0x08005ca6   0x00000018   Code   RO         7400    i.USBD_LL_DevDisconnected  usbd_core.o
    0x08005cbe   0x00000008   Code   RO         1070    i.USBD_LL_GetRxDataSize  usbd_conf.o
    0x08005cc6   0x00000002   PAD
    0x08005cc8   0x00000068   Code   RO         1071    i.USBD_LL_Init      usbd_conf.o
    0x08005d30   0x00000020   Code   RO         1072    i.USBD_LL_IsStallEP  usbd_conf.o
    0x08005d50   0x00000020   Code   RO         7401    i.USBD_LL_IsoINIncomplete  usbd_core.o
    0x08005d70   0x00000020   Code   RO         7402    i.USBD_LL_IsoOUTIncomplete  usbd_core.o
    0x08005d90   0x00000018   Code   RO         1073    i.USBD_LL_OpenEP    usbd_conf.o
    0x08005da8   0x00000012   Code   RO         1074    i.USBD_LL_PrepareReceive  usbd_conf.o
    0x08005dba   0x0000005a   Code   RO         7403    i.USBD_LL_Reset     usbd_core.o
    0x08005e14   0x00000014   Code   RO         7404    i.USBD_LL_Resume    usbd_core.o
    0x08005e28   0x00000020   Code   RO         7405    i.USBD_LL_SOF       usbd_core.o
    0x08005e48   0x00000006   Code   RO         7406    i.USBD_LL_SetSpeed  usbd_core.o
    0x08005e4e   0x00000012   Code   RO         1075    i.USBD_LL_SetUSBAddress  usbd_conf.o
    0x08005e60   0x00000060   Code   RO         7407    i.USBD_LL_SetupStage  usbd_core.o
    0x08005ec0   0x00000012   Code   RO         1076    i.USBD_LL_StallEP   usbd_conf.o
    0x08005ed2   0x00000012   Code   RO         1077    i.USBD_LL_Start     usbd_conf.o
    0x08005ee4   0x00000012   Code   RO         7408    i.USBD_LL_Suspend   usbd_core.o
    0x08005ef6   0x00000012   Code   RO         1079    i.USBD_LL_Transmit  usbd_conf.o
    0x08005f08   0x0000002c   Code   RO         7536    i.USBD_ParseSetupRequest  usbd_ctlreq.o
    0x08005f34   0x00000024   Code   RO         7409    i.USBD_RegisterClass  usbd_core.o
    0x08005f58   0x00000014   Code   RO         7411    i.USBD_SetClassConfig  usbd_core.o
    0x08005f6c   0x000000bc   Code   RO         7537    i.USBD_SetConfig    usbd_ctlreq.o
    0x08006028   0x00000004   Code   RO         7412    i.USBD_Start        usbd_core.o
    0x0800602c   0x00000114   Code   RO         7538    i.USBD_StdDevReq    usbd_ctlreq.o
    0x08006140   0x00000140   Code   RO         7539    i.USBD_StdEPReq     usbd_ctlreq.o
    0x08006280   0x00000052   Code   RO         7540    i.USBD_StdItfReq    usbd_ctlreq.o
    0x080062d2   0x00000002   Code   RO         1080    i.USBD_static_free  usbd_conf.o
    0x080062d4   0x00000008   Code   RO         1081    i.USBD_static_malloc  usbd_conf.o
    0x080062dc   0x00000080   Code   RO         1527    i.USB_ActivateEndpoint  stm32f4xx_ll_usb.o
    0x0800635c   0x0000001c   Code   RO         1529    i.USB_ActivateSetup  stm32f4xx_ll_usb.o
    0x08006378   0x00000074   Code   RO         1531    i.USB_CoreInit      stm32f4xx_ll_usb.o
    0x080063ec   0x00000040   Code   RO         1532    i.USB_CoreReset     stm32f4xx_ll_usb.o
    0x0800642c   0x000000cc   Code   RO         1535    i.USB_DeactivateEndpoint  stm32f4xx_ll_usb.o
    0x080064f8   0x0000001c   Code   RO         1536    i.USB_DevConnect    stm32f4xx_ll_usb.o
    0x08006514   0x0000001c   Code   RO         1537    i.USB_DevDisconnect  stm32f4xx_ll_usb.o
    0x08006530   0x00000174   Code   RO         1538    i.USB_DevInit       stm32f4xx_ll_usb.o
    0x080066a4   0x0000000c   Code   RO         1539    i.USB_DisableGlobalInt  stm32f4xx_ll_usb.o
    0x080066b0   0x00000118   Code   RO         1542    i.USB_EP0StartXfer  stm32f4xx_ll_usb.o
    0x080067c8   0x00000058   Code   RO         1543    i.USB_EP0_OutStart  stm32f4xx_ll_usb.o
    0x08006820   0x00000058   Code   RO         1544    i.USB_EPClearStall  stm32f4xx_ll_usb.o
    0x08006878   0x00000058   Code   RO         1545    i.USB_EPSetStall    stm32f4xx_ll_usb.o
    0x080068d0   0x000001e8   Code   RO         1546    i.USB_EPStartXfer   stm32f4xx_ll_usb.o
    0x08006ab8   0x0000000c   Code   RO         1547    i.USB_EnableGlobalInt  stm32f4xx_ll_usb.o
    0x08006ac4   0x00000028   Code   RO         1548    i.USB_FlushRxFifo   stm32f4xx_ll_usb.o
    0x08006aec   0x0000002c   Code   RO         1549    i.USB_FlushTxFifo   stm32f4xx_ll_usb.o
    0x08006b18   0x0000001a   Code   RO         1551    i.USB_GetDevSpeed   stm32f4xx_ll_usb.o
    0x08006b32   0x00000008   Code   RO         1553    i.USB_GetMode       stm32f4xx_ll_usb.o
    0x08006b3a   0x0000000e   Code   RO         1560    i.USB_ReadDevAllInEpInterrupt  stm32f4xx_ll_usb.o
    0x08006b48   0x0000000e   Code   RO         1561    i.USB_ReadDevAllOutEpInterrupt  stm32f4xx_ll_usb.o
    0x08006b56   0x00000024   Code   RO         1562    i.USB_ReadDevInEPInterrupt  stm32f4xx_ll_usb.o
    0x08006b7a   0x00000010   Code   RO         1563    i.USB_ReadDevOutEPInterrupt  stm32f4xx_ll_usb.o
    0x08006b8a   0x00000008   Code   RO         1564    i.USB_ReadInterrupts  stm32f4xx_ll_usb.o
    0x08006b92   0x0000003e   Code   RO         1565    i.USB_ReadPacket    stm32f4xx_ll_usb.o
    0x08006bd0   0x0000005c   Code   RO         1567    i.USB_SetCurrentMode  stm32f4xx_ll_usb.o
    0x08006c2c   0x00000022   Code   RO         1568    i.USB_SetDevAddress  stm32f4xx_ll_usb.o
    0x08006c4e   0x00000002   PAD
    0x08006c50   0x000000e8   Code   RO         1570    i.USB_SetTurnaroundTime  stm32f4xx_ll_usb.o
    0x08006d38   0x00000028   Code   RO         1573    i.USB_WritePacket   stm32f4xx_ll_usb.o
    0x08006d60   0x00000002   Code   RO          716    i.UsageFault_Handler  stm32f4xx_it.o
    0x08006d62   0x00000002   PAD
    0x08006d64   0x00000024   Code   RO         7771    i._Z11CDC_Init_HSv  usbd_cdc_if_1.o
    0x08006d88   0x00000004   Code   RO         7772    i._Z13CDC_DeInit_HSv  usbd_cdc_if_1.o
    0x08006d8c   0x00000004   Code   RO         7773    i._Z14CDC_Control_HShPht  usbd_cdc_if_1.o
    0x08006d90   0x00000018   Code   RO         7774    i._Z14CDC_Receive_HSPhPj  usbd_cdc_if_1.o
    0x08006da8   0x00000018   Code   RO         8197    i._Z16semp_i2s_tx_waitv  audio.o
    0x08006dc0   0x00000004   Code   RO         7776    i._Z19CDC_TransmitCplt_HSPhPjh  usbd_cdc_if_1.o
    0x08006dc4   0x000000a0   Code   RO         7994    i._Z33generate_sin_16bit_double_channelPsjffs  user_task.o
    0x08006e64   0x00000020   Code   RO         8199    i._ZN5Audio10SetMicGainEh  audio.o
    0x08006e84   0x00000024   Code   RO         8200    i._ZN5Audio13SetSpeakerVolEh  audio.o
    0x08006ea8   0x000000a0   Code   RO         8202    i._ZN5Audio4InitEv  audio.o
    0x08006f48   0x00000044   Code   RO         8207    i._ZN5Audio8WriteRegEht  audio.o
    0x08006f8c   0x00000028   Code   RO         8208    i._ZN5Audio9WriteDataEPsjb  audio.o
    0x08006fb4   0x00000026   Code   RO         8364    i.__ARM_fpclassifyf  m_wm.l(fpclassifyf.o)
    0x08006fda   0x00000020   Code   RO         2580    i.__NVIC_SetPriority  stm32f4xx_hal_cortex.o
    0x08006ffa   0x00000002   PAD
    0x08006ffc   0x00000190   Code   RO         8334    i.__hardfp_sinf     m_wm.l(sinf.o)
    0x0800718c   0x00000006   Code   RO         8367    i.__mathlib_flt_infnan  m_wm.l(funder.o)
    0x08007192   0x00000002   PAD
    0x08007194   0x00000010   Code   RO         8369    i.__mathlib_flt_invalid  m_wm.l(funder.o)
    0x080071a4   0x00000010   Code   RO         8372    i.__mathlib_flt_underflow  m_wm.l(funder.o)
    0x080071b4   0x00000154   Code   RO         8380    i.__mathlib_rredf2  m_wm.l(rredf.o)
    0x08007308   0x0000000e   Code   RO         8413    i.__scatterload_copy  mc_w.l(handlers.o)
    0x08007316   0x00000002   Code   RO         8414    i.__scatterload_null  mc_w.l(handlers.o)
    0x08007318   0x0000000e   Code   RO         8415    i.__scatterload_zeroinit  mc_w.l(handlers.o)
    0x08007326   0x00000002   PAD
    0x08007328   0x0000000c   Code   RO         8403    i.__set_errno       mc_w.l(errno.o)
    0x08007334   0x0000001c   Code   RO         7995    i.__sti___13_user_task_cpp_audio  user_task.o
    0x08007350   0x00000034   Code   RO         8210    i.audio_i2s_tx_done  audio.o
    0x08007384   0x0000005c   Code   RO           16    i.main              main.o
    0x080073e0   0x0000001a   Code   RO         6748    i.osDelay           cmsis_os2.o
    0x080073fa   0x00000002   PAD
    0x080073fc   0x00000024   Code   RO         6762    i.osKernelInitialize  cmsis_os2.o
    0x08007420   0x00000038   Code   RO         6765    i.osKernelStart     cmsis_os2.o
    0x08007458   0x00000088   Code   RO         6807    i.osThreadNew       cmsis_os2.o
    0x080074e0   0x0000005c   Code   RO         6207    i.prvAddCurrentTaskToDelayedList  tasks.o
    0x0800753c   0x000000d0   Code   RO         6208    i.prvAddNewTaskToReadyList  tasks.o
    0x0800760c   0x00000058   Code   RO         6572    i.prvCheckForValidListAndQueue  timers.o
    0x08007664   0x00000026   Code   RO         5804    i.prvCopyDataFromQueue  queue.o
    0x0800768a   0x0000006c   Code   RO         5805    i.prvCopyDataToQueue  queue.o
    0x080076f6   0x00000034   Code   RO         6209    i.prvDeleteTCB      tasks.o
    0x0800772a   0x00000002   PAD
    0x0800772c   0x00000048   Code   RO         7259    i.prvHeapInit       heap_4.o
    0x08007774   0x00000060   Code   RO         6210    i.prvIdleTask       tasks.o
    0x080077d4   0x00000022   Code   RO         5807    i.prvInitialiseNewQueue  queue.o
    0x080077f6   0x00000002   PAD
    0x080077f8   0x000000b0   Code   RO         6211    i.prvInitialiseNewTask  tasks.o
    0x080078a8   0x0000004c   Code   RO         7260    i.prvInsertBlockIntoFreeList  heap_4.o
    0x080078f4   0x00000038   Code   RO         6574    i.prvInsertTimerInActiveList  timers.o
    0x0800792c   0x0000001c   Code   RO         5808    i.prvIsQueueEmpty   queue.o
    0x08007948   0x000000fc   Code   RO         6575    i.prvProcessReceivedCommands  timers.o
    0x08007a44   0x000000c0   Code   RO         6576    i.prvProcessTimerOrBlockTask  timers.o
    0x08007b04   0x00000020   Code   RO         6213    i.prvResetNextTaskUnblockTime  tasks.o
    0x08007b24   0x00000028   Code   RO         6577    i.prvSampleTimeNow  timers.o
    0x08007b4c   0x0000006c   Code   RO         6578    i.prvSwitchTimerLists  timers.o
    0x08007bb8   0x00000028   Code   RO         7315    i.prvTaskExitError  port.o
    0x08007be0   0x00000024   Code   RO         6579    i.prvTimerTask      timers.o
    0x08007c04   0x0000006a   Code   RO         5809    i.prvUnlockQueue    queue.o
    0x08007c6e   0x00000002   PAD
    0x08007c70   0x000000dc   Code   RO         7261    i.pvPortMalloc      heap_4.o
    0x08007d4c   0x00000018   Code   RO         6216    i.pvTaskIncrementMutexHeldCount  tasks.o
    0x08007d64   0x0000002c   Code   RO         7316    i.pxPortInitialiseStack  port.o
    0x08007d90   0x00000026   Code   RO         5764    i.uxListRemove      list.o
    0x08007db6   0x00000002   PAD
    0x08007db8   0x00000014   Code   RO         6819    i.vApplicationGetIdleTaskMemory  cmsis_os2.o
    0x08007dcc   0x00000018   Code   RO         6820    i.vApplicationGetTimerTaskMemory  cmsis_os2.o
    0x08007de4   0x00000016   Code   RO         5765    i.vListInitialise   list.o
    0x08007dfa   0x00000006   Code   RO         5766    i.vListInitialiseItem  list.o
    0x08007e00   0x00000030   Code   RO         5767    i.vListInsert       list.o
    0x08007e30   0x00000018   Code   RO         5768    i.vListInsertEnd    list.o
    0x08007e48   0x00000040   Code   RO         7318    i.vPortEnterCritical  port.o
    0x08007e88   0x00000028   Code   RO         7319    i.vPortExitCritical  port.o
    0x08007eb0   0x00000064   Code   RO         7262    i.vPortFree         heap_4.o
    0x08007f14   0x00000024   Code   RO         7320    i.vPortSetupTimerInterrupt  port.o
    0x08007f38   0x00000054   Code   RO         7321    i.vPortValidateInterruptPriority  port.o
    0x08007f8c   0x00000028   Code   RO         5815    i.vQueueAddToRegistry  queue.o
    0x08007fb4   0x00000044   Code   RO         5819    i.vQueueWaitForMessageRestricted  queue.o
    0x08007ff8   0x0000004c   Code   RO         6226    i.vTaskDelay        tasks.o
    0x08008044   0x00000090   Code   RO         6228    i.vTaskDelete       tasks.o
    0x080080d4   0x00000010   Code   RO         6231    i.vTaskInternalSetTimeOutState  tasks.o
    0x080080e4   0x0000000c   Code   RO         6232    i.vTaskMissedYield  tasks.o
    0x080080f0   0x00000030   Code   RO         6234    i.vTaskPlaceOnEventList  tasks.o
    0x08008120   0x00000038   Code   RO         6235    i.vTaskPlaceOnEventListRestricted  tasks.o
    0x08008158   0x00000090   Code   RO         6237    i.vTaskPriorityDisinheritAfterTimeout  tasks.o
    0x080081e8   0x00000088   Code   RO         6243    i.vTaskStartScheduler  tasks.o
    0x08008270   0x00000010   Code   RO         6245    i.vTaskSuspendAll   tasks.o
    0x08008280   0x00000064   Code   RO         6246    i.vTaskSwitchContext  tasks.o
    0x080082e4   0x000000f4   Code   RO         7322    i.xPortStartScheduler  port.o
    0x080083d8   0x0000002c   Code   RO         7323    i.xPortSysTickHandler  port.o
    0x08008404   0x00000042   Code   RO         5824    i.xQueueGenericCreate  queue.o
    0x08008446   0x00000066   Code   RO         5825    i.xQueueGenericCreateStatic  queue.o
    0x080084ac   0x00000088   Code   RO         5826    i.xQueueGenericReset  queue.o
    0x08008534   0x00000160   Code   RO         5827    i.xQueueGenericSend  queue.o
    0x08008694   0x000000be   Code   RO         5828    i.xQueueGenericSendFromISR  queue.o
    0x08008752   0x0000009c   Code   RO         5831    i.xQueueGiveFromISR  queue.o
    0x080087ee   0x00000002   PAD
    0x080087f0   0x00000138   Code   RO         5837    i.xQueueReceive     queue.o
    0x08008928   0x00000178   Code   RO         5839    i.xQueueSemaphoreTake  queue.o
    0x08008aa0   0x00000074   Code   RO         6248    i.xTaskCheckForTimeOut  tasks.o
    0x08008b14   0x0000005a   Code   RO         6249    i.xTaskCreate       tasks.o
    0x08008b6e   0x00000056   Code   RO         6250    i.xTaskCreateStatic  tasks.o
    0x08008bc4   0x0000001c   Code   RO         6254    i.xTaskGetSchedulerState  tasks.o
    0x08008be0   0x0000000c   Code   RO         6255    i.xTaskGetTickCount  tasks.o
    0x08008bec   0x000000c8   Code   RO         6257    i.xTaskIncrementTick  tasks.o
    0x08008cb4   0x00000080   Code   RO         6260    i.xTaskPriorityDisinherit  tasks.o
    0x08008d34   0x00000078   Code   RO         6261    i.xTaskPriorityInherit  tasks.o
    0x08008dac   0x00000070   Code   RO         6262    i.xTaskRemoveFromEventList  tasks.o
    0x08008e1c   0x000000c4   Code   RO         6263    i.xTaskResumeAll    tasks.o
    0x08008ee0   0x00000060   Code   RO         6588    i.xTimerCreateTimerTask  timers.o
    0x08008f40   0x00000068   Code   RO         6589    i.xTimerGenericCommand  timers.o
    0x08008fa8   0x00000048   Data   RO          294    .constdata          freertos.o
    0x08008ff0   0x00000008   Data   RO         2297    .constdata          stm32f4xx_hal_dma.o
    0x08008ff8   0x00000010   Data   RO         5600    .constdata          system_stm32f4xx.o
    0x08009008   0x00000008   Data   RO         5601    .constdata          system_stm32f4xx.o
    0x08009010   0x00000020   Data   RO         8381    .constdata          m_wm.l(rredf.o)
    0x08009030   0x00000018   Data   RO          295    .conststring        freertos.o
    0x08009048   0x00000020   Data   RO         8411    Region$$Table       anon$$obj.o
    0x08009068   0x00000004   Data   RO         8000    .init_array         user_task.o
    0x0800906c   0x00000000   Data   RO         8360    .init_array         mc_w.l(cpp_init.o)


    Execution Region RW_IRAM2 (Base: 0x10000000, Size: 0x00000000, Max: 0x00010000, ABSOLUTE)

    **** No section assigned to this execution region ****


    Execution Region RW_IRAM1 (Base: 0x20000000, Size: 0x00006e28, Max: 0x00020000, ABSOLUTE, COMPRESSED[0x000000fc])

    Base Addr    Size         Type   Attr      Idx    E Section Name        Object

    0x20000000   0x00000008   Data   RW          296    .data               freertos.o
    0x20000008   0x0000001c   Data   RW          974    .data               usbd_desc.o
    0x20000024   0x00000032   Data   RW          975    .data               usbd_desc.o
    0x20000056   0x00000002   PAD
    0x20000058   0x0000000c   Data   RW         2724    .data               stm32f4xx_hal.o
    0x20000064   0x00000004   Data   RW         5602    .data               system_stm32f4xx.o
    0x20000068   0x0000003c   Data   RW         6266    .data               tasks.o
    0x200000a4   0x00000014   Data   RW         6597    .data               timers.o
    0x200000b8   0x00000004   Data   RW         6822    .data               cmsis_os2.o
    0x200000bc   0x00000020   Data   RW         7268    .data               heap_4.o
    0x200000dc   0x0000000c   Data   RW         7324    .data               port.o
    0x200000e8   0x00000001   Data   RW         7541    .data               usbd_ctlreq.o
    0x200000e9   0x00000003   PAD
    0x200000ec   0x000000d7   Data   RW         7680    .data               usbd_cdc.o
    0x200001c3   0x00000001   PAD
    0x200001c4   0x00000038   Data   RW         7681    .data               usbd_cdc.o
    0x200001fc   0x00000014   Data   RW         7784    .data               usbd_cdc_if_1.o
    0x20000210   0x00000078   Data   RW         8225    .data               audio.o
    0x20000288   0x00000004   Data   RW         8404    .data               mc_w.l(errno.o)
    0x2000028c   0x00000048   Zero   RW          353    .bss                adc.o
    0x200002d4   0x00000168   Zero   RW          422    .bss                i2c.o
    0x2000043c   0x00000108   Zero   RW          482    .bss                i2s.o
    0x20000544   0x000000b8   Zero   RW          542    .bss                spi.o
    0x200005fc   0x00000090   Zero   RW          600    .bss                tim.o
    0x2000068c   0x00000184   Zero   RW          648    .bss                usart.o
    0x20000810   0x00000048   Zero   RW          881    .bss                stm32f4xx_hal_timebase_tim.o
    0x20000858   0x000002d0   Zero   RW          918    .bss                usb_device.o
    0x20000b28   0x00000200   Zero   RW          973    .bss                usbd_desc.o
    0x20000d28   0x00000628   Zero   RW         1082    .bss                usbd_conf.o
    0x20001350   0x00000040   Zero   RW         5841    .bss                queue.o
    0x20001390   0x000004c4   Zero   RW         6265    .bss                tasks.o
    0x20001854   0x00000118   Zero   RW         6596    .bss                timers.o
    0x2000196c   0x000006b8   Zero   RW         6821    .bss                cmsis_os2.o
    0x20002024   0x00002710   Zero   RW         7267    .bss                heap_4.o
    0x20004734   0x00001000   Zero   RW         7783    .bss                usbd_cdc_if_1.o
    0x20005734   0x000006f0   Zero   RW         7999    .bss                user_task.o
    0x20005e24   0x00000004   PAD
    0x20005e28   0x00001000   Zero   RW            1    STACK               startup_stm32f405xx.o


==============================================================================

Image component sizes


      Code (inc. data)   RO Data    RW Data    ZI Data      Debug   Object Name

       196         26          0          0         72       1709   adc.o
       412         24          0        120          0      13072   audio.o
       324         22          0          4       1720      64491   cmsis_os2.o
       156          4          0          0          0        878   dma.o
         0          0          0          0          0      19492   event_groups.o
        80         28         96          8          0       2435   freertos.o
       164         14          0          0          0        991   gpio.o
       468         22          0         32      10000       4683   heap_4.o
       488         60          0          0        360       3598   i2c.o
       374         32          0          0        264       3394   i2s.o
       138          0          0          0          0       3418   list.o
       292         22          0          0          0     703084   main.o
       786         82          0         12          0      11541   port.o
      2112         24          0          0         64      19696   queue.o
       276         32          0          0        184       1826   spi.o
        36          8        392          0       4096        844   startup_stm32f405xx.o
       116         18          0         12          0       8746   stm32f4xx_hal.o
       712         28          0          0          0       2719   stm32f4xx_hal_adc.o
       158         14          0          0          0      32870   stm32f4xx_hal_cortex.o
      1090         16          8          0          0       7205   stm32f4xx_hal_dma.o
       506         46          0          0          0       2040   stm32f4xx_hal_gpio.o
      4478         70          0          0          0      25041   stm32f4xx_hal_i2c.o
      1222         30          0          0          0       8235   stm32f4xx_hal_i2s.o
       692         24          0          0          0       3074   stm32f4xx_hal_i2s_ex.o
        56          4          0          0          0        886   stm32f4xx_hal_msp.o
      2308         14          0          0          0      11261   stm32f4xx_hal_pcd.o
        78          0          0          0          0       2281   stm32f4xx_hal_pcd_ex.o
      1420         88          0          0          0       6185   stm32f4xx_hal_rcc.o
       716         60          0          0          0       3046   stm32f4xx_hal_rcc_ex.o
       458          6          0          0          0       3320   stm32f4xx_hal_spi.o
      1230        102          0          0          0      10438   stm32f4xx_hal_tim.o
       148         28          0          0          0       2433   stm32f4xx_hal_tim_ex.o
       116         16          0          0         72       1424   stm32f4xx_hal_timebase_tim.o
      1722         30          0          0          0      12346   stm32f4xx_hal_uart.o
       216        102          0          0          0      11082   stm32f4xx_it.o
      2690        132          0          0          0      21182   stm32f4xx_ll_usb.o
         0          0          0          0          0        392   stream_buffer.o
        16          4         24          4          0       1151   system_stm32f4xx.o
      2516        206          0         60       1220      28787   tasks.o
       288         30          0          0        144       2439   tim.o
       972         80          0         20        280      31587   timers.o
       296         28          0          0        388       2018   usart.o
        84         18          0          0        720        828   usb_device.o
       752         16          0        271          0      12203   usbd_cdc.o
        72         16          0         20       4096     557353   usbd_cdc_if_1.o
       768         38          0          0       1576      16164   usbd_conf.o
       744          0          0          0          0      11905   usbd_core.o
      1244         30          0          1          0      13100   usbd_ctlreq.o
       288        104          0         78        512       5965   usbd_desc.o
       132          0          0          0          0       4272   usbd_ioreq.o
       428         28          4          0       1776     546203   user_task.o

    ----------------------------------------------------------------------
     35106       1826        556        648      27548    2265333   Object Totals
         0          0         32          0          0          0   (incl. Generated)
        72          0          0          6          4          0   (incl. Padding)

    ----------------------------------------------------------------------

      Code (inc. data)   RO Data    RW Data    ZI Data      Debug   Library Member Name

        38          0          0          0          0        116   fpclassifyf.o
        38         12          0          0          0        348   funder.o
       340         24         32          0          0        160   rredf.o
       400         56          0          0          0        212   sinf.o
        86          0          0          0          0          0   __dczerorl2.o
        32         10          0          0          0         80   cpp_init.o
         0          0          0          0          0          0   entry.o
         0          0          0          0          0          0   entry10a.o
         0          0          0          0          0          0   entry11a.o
         8          4          0          0          0          0   entry2.o
         4          0          0          0          0          0   entry5.o
         0          0          0          0          0          0   entry7b.o
         4          0          0          0          0          0   entry8a.o
         0          0          0          0          0          0   entry8b.o
         8          4          0          0          0          0   entry9a.o
        12          6          0          4          0         68   errno.o
        30          0          0          0          0          0   handlers.o
        36          8          0          0          0         68   init.o
         0          0          0          0          0          0   iusefp.o
        30          0          0          0          0         68   llshl.o
        32          0          0          0          0         68   llushr.o
        36          0          0          0          0         68   memcpya.o
        36          0          0          0          0        108   memseta.o
        98          0          0          0          0         92   uldiv.o

    ----------------------------------------------------------------------
      1278        124         32          4          0       1456   Library Totals
        10          0          0          0          0          0   (incl. Padding)

    ----------------------------------------------------------------------

      Code (inc. data)   RO Data    RW Data    ZI Data      Debug   Library Name

       816         92         32          0          0        836   m_wm.l
       452         32          0          4          0        620   mc_w.l

    ----------------------------------------------------------------------
      1278        124         32          4          0       1456   Library Totals

    ----------------------------------------------------------------------

==============================================================================


      Code (inc. data)   RO Data    RW Data    ZI Data      Debug   

     36384       1950        588        652      27548    2228465   Grand Totals
     36384       1950        588        252      27548    2228465   ELF Image Totals (compressed)
     36384       1950        588        252          0          0   ROM Totals

==============================================================================

    Total RO  Size (Code + RO Data)                36972 (  36.11kB)
    Total RW  Size (RW Data + ZI Data)             28200 (  27.54kB)
    Total ROM Size (Code + RO Data + RW Data)      37224 (  36.35kB)

==============================================================================

